2025-01-06 15:26:02,942 - INFO - Starting database migration
2025-01-06 15:26:03,420 - INFO - Successfully connected to OptionChain database
2025-01-06 15:26:03,748 - INFO - Successfully connected to OptionData database
2025-01-06 15:26:03,817 - INFO - Processing table nse_index_nifty_mid_select_2025_01_27 (1/7)
2025-01-06 15:26:03,900 - INFO - Created table nse_index_nifty_mid_select_2025_01_27 in target database
2025-01-06 15:26:04,138 - INFO - Migrated 0 new rows for table nse_index_nifty_mid_select_2025_01_27
2025-01-06 15:26:04,138 - INFO - Processing table nse_index_nifty_bank_2025_01_29 (2/7)
2025-01-06 15:26:04,218 - INFO - Created table nse_index_nifty_bank_2025_01_29 in target database
2025-01-06 15:26:04,621 - INFO - Migrated 0 new rows for table nse_index_nifty_bank_2025_01_29
2025-01-06 15:26:04,621 - INFO - Processing table nse_index_nifty_50_2025_01_09 (3/7)
2025-01-06 15:26:04,627 - INFO - Created table nse_index_nifty_50_2025_01_09 in target database
2025-01-06 15:26:04,781 - INFO - Migrated 0 new rows for table nse_index_nifty_50_2025_01_09
2025-01-06 15:26:04,781 - INFO - Processing table nse_index_nifty_next_50_2025_01_31 (4/7)
2025-01-06 15:26:04,862 - INFO - Created table nse_index_nifty_next_50_2025_01_31 in target database
2025-01-06 15:26:05,019 - INFO - Migrated 0 new rows for table nse_index_nifty_next_50_2025_01_31
2025-01-06 15:26:05,019 - INFO - Processing table nse_index_nifty_fin_service_2025_01_28 (5/7)
2025-01-06 15:26:05,025 - INFO - Created table nse_index_nifty_fin_service_2025_01_28 in target database
2025-01-06 15:26:05,259 - INFO - Migrated 0 new rows for table nse_index_nifty_fin_service_2025_01_28
2025-01-06 15:26:05,259 - INFO - Processing table bse_index_bankex_2025_01_27 (6/7)
2025-01-06 15:26:05,337 - INFO - Created table bse_index_bankex_2025_01_27 in target database
2025-01-06 15:26:05,500 - INFO - Migrated 0 new rows for table bse_index_bankex_2025_01_27
2025-01-06 15:26:05,500 - INFO - Processing table bse_index_sensex_2025_01_10 (7/7)
2025-01-06 15:26:05,579 - INFO - Created table bse_index_sensex_2025_01_10 in target database
2025-01-06 15:26:05,898 - INFO - Migrated 0 new rows for table bse_index_sensex_2025_01_10
2025-01-06 15:26:05,898 - INFO - Migration completed. Processed 7 tables, migrated 0 rows in total.
2025-01-06 15:26:05,899 - INFO - Database connections closed
