2025-01-06 16:56:23,056 - INFO - Starting database migration
2025-01-06 16:56:24,343 - INFO - Successfully connected to OptionChain database
2025-01-06 16:56:25,015 - INFO - Successfully connected to OptionData database
2025-01-06 16:56:25,177 - INFO - Processing table nse_index_nifty_fin_service_2025_01_28 (1/9)
2025-01-06 16:56:25,534 - INFO - Created table nse_index_nifty_fin_service_2025_01_28 in target database
2025-01-06 16:56:25,854 - INFO - Table nse_index_nifty_fin_service_2025_01_28 - Source rows: 168728, Target rows before: 56329
2025-01-06 16:57:45,201 - INFO - Inserted 1000 new rows for table nse_index_nifty_fin_service_2025_01_28
2025-01-06 16:59:09,455 - INFO - Inserted 1000 new rows for table nse_index_nifty_fin_service_2025_01_28
2025-01-06 17:00:49,295 - INFO - Inserted 1000 new rows for table nse_index_nifty_fin_service_2025_01_28
2025-01-06 17:02:29,656 - INFO - Inserted 1000 new rows for table nse_index_nifty_fin_service_2025_01_28
2025-01-06 17:04:12,255 - INFO - Inserted 1000 new rows for table nse_index_nifty_fin_service_2025_01_28
2025-01-06 17:05:53,335 - INFO - Inserted 1000 new rows for table nse_index_nifty_fin_service_2025_01_28
2025-01-06 17:07:35,418 - INFO - Inserted 1000 new rows for table nse_index_nifty_fin_service_2025_01_28
2025-01-06 17:09:17,055 - INFO - Inserted 1000 new rows for table nse_index_nifty_fin_service_2025_01_28
2025-01-06 17:10:56,616 - INFO - Inserted 1000 new rows for table nse_index_nifty_fin_service_2025_01_28
2025-01-06 17:12:38,255 - INFO - Inserted 1000 new rows for table nse_index_nifty_fin_service_2025_01_28
2025-01-06 17:14:17,935 - INFO - Inserted 1000 new rows for table nse_index_nifty_fin_service_2025_01_28
2025-01-06 17:15:58,334 - INFO - Inserted 1000 new rows for table nse_index_nifty_fin_service_2025_01_28
2025-01-06 17:17:38,216 - INFO - Inserted 1000 new rows for table nse_index_nifty_fin_service_2025_01_28
2025-01-06 17:19:20,140 - INFO - Inserted 1000 new rows for table nse_index_nifty_fin_service_2025_01_28
2025-01-06 17:21:00,016 - INFO - Inserted 1000 new rows for table nse_index_nifty_fin_service_2025_01_28
2025-01-06 17:22:39,655 - INFO - Inserted 1000 new rows for table nse_index_nifty_fin_service_2025_01_28
2025-01-06 17:24:24,895 - INFO - Inserted 1000 new rows for table nse_index_nifty_fin_service_2025_01_28
2025-01-06 17:26:06,015 - INFO - Inserted 1000 new rows for table nse_index_nifty_fin_service_2025_01_28
2025-01-06 17:27:47,335 - INFO - Inserted 1000 new rows for table nse_index_nifty_fin_service_2025_01_28
2025-01-06 17:29:28,454 - INFO - Inserted 1000 new rows for table nse_index_nifty_fin_service_2025_01_28
2025-01-06 17:31:09,134 - INFO - Inserted 1000 new rows for table nse_index_nifty_fin_service_2025_01_28
2025-01-06 17:32:52,975 - INFO - Inserted 1000 new rows for table nse_index_nifty_fin_service_2025_01_28
2025-01-06 17:34:32,216 - INFO - Inserted 1000 new rows for table nse_index_nifty_fin_service_2025_01_28
2025-01-06 17:36:13,702 - INFO - Inserted 1000 new rows for table nse_index_nifty_fin_service_2025_01_28
2025-01-06 17:37:54,334 - INFO - Inserted 1000 new rows for table nse_index_nifty_fin_service_2025_01_28
2025-01-06 17:39:35,255 - INFO - Inserted 1000 new rows for table nse_index_nifty_fin_service_2025_01_28
2025-01-06 17:41:17,015 - INFO - Inserted 1000 new rows for table nse_index_nifty_fin_service_2025_01_28
2025-01-06 17:42:58,140 - INFO - Inserted 1000 new rows for table nse_index_nifty_fin_service_2025_01_28
2025-01-06 17:44:39,375 - INFO - Inserted 1000 new rows for table nse_index_nifty_fin_service_2025_01_28
2025-01-06 17:46:20,895 - INFO - Inserted 1000 new rows for table nse_index_nifty_fin_service_2025_01_28
2025-01-06 17:48:10,390 - INFO - Inserted 1000 new rows for table nse_index_nifty_fin_service_2025_01_28
2025-01-06 17:49:45,471 - INFO - Inserted 1000 new rows for table nse_index_nifty_fin_service_2025_01_28
2025-01-06 17:51:21,159 - INFO - Inserted 1000 new rows for table nse_index_nifty_fin_service_2025_01_28
2025-01-06 17:52:57,472 - INFO - Inserted 1000 new rows for table nse_index_nifty_fin_service_2025_01_28
2025-01-06 17:54:33,791 - INFO - Inserted 1000 new rows for table nse_index_nifty_fin_service_2025_01_28
2025-01-06 17:56:09,710 - INFO - Inserted 1000 new rows for table nse_index_nifty_fin_service_2025_01_28
2025-01-06 17:57:43,591 - INFO - Inserted 1000 new rows for table nse_index_nifty_fin_service_2025_01_28
2025-01-06 17:59:17,071 - INFO - Inserted 1000 new rows for table nse_index_nifty_fin_service_2025_01_28
2025-01-06 18:00:53,031 - INFO - Inserted 1000 new rows for table nse_index_nifty_fin_service_2025_01_28
2025-01-06 18:02:25,273 - INFO - Inserted 1000 new rows for table nse_index_nifty_fin_service_2025_01_28
2025-01-06 18:03:57,777 - INFO - Inserted 1000 new rows for table nse_index_nifty_fin_service_2025_01_28
2025-01-06 18:05:30,242 - INFO - Inserted 1000 new rows for table nse_index_nifty_fin_service_2025_01_28
2025-01-06 18:07:07,631 - INFO - Inserted 1000 new rows for table nse_index_nifty_fin_service_2025_01_28
2025-01-06 18:08:42,992 - INFO - Inserted 1000 new rows for table nse_index_nifty_fin_service_2025_01_28
2025-01-06 18:10:21,350 - INFO - Inserted 1000 new rows for table nse_index_nifty_fin_service_2025_01_28
2025-01-06 18:11:58,912 - INFO - Inserted 1000 new rows for table nse_index_nifty_fin_service_2025_01_28
2025-01-06 18:13:34,511 - INFO - Inserted 1000 new rows for table nse_index_nifty_fin_service_2025_01_28
2025-01-06 18:15:10,911 - INFO - Inserted 1000 new rows for table nse_index_nifty_fin_service_2025_01_28
2025-01-06 18:16:45,831 - INFO - Inserted 1000 new rows for table nse_index_nifty_fin_service_2025_01_28
2025-01-06 18:18:21,311 - INFO - Inserted 1000 new rows for table nse_index_nifty_fin_service_2025_01_28
2025-01-06 18:19:57,991 - INFO - Inserted 1000 new rows for table nse_index_nifty_fin_service_2025_01_28
2025-01-06 18:21:34,253 - INFO - Inserted 1000 new rows for table nse_index_nifty_fin_service_2025_01_28
2025-01-06 18:23:10,790 - INFO - Inserted 1000 new rows for table nse_index_nifty_fin_service_2025_01_28
2025-01-06 18:24:46,674 - INFO - Inserted 1000 new rows for table nse_index_nifty_fin_service_2025_01_28
2025-01-06 18:26:22,793 - INFO - Inserted 1000 new rows for table nse_index_nifty_fin_service_2025_01_28
2025-01-06 18:28:09,150 - INFO - Inserted 1000 new rows for table nse_index_nifty_fin_service_2025_01_28
2025-01-06 18:29:44,673 - INFO - Inserted 1000 new rows for table nse_index_nifty_fin_service_2025_01_28
2025-01-06 18:31:22,028 - INFO - Inserted 1000 new rows for table nse_index_nifty_fin_service_2025_01_28
2025-01-06 18:33:01,513 - INFO - Inserted 1000 new rows for table nse_index_nifty_fin_service_2025_01_28
2025-01-06 18:34:38,098 - INFO - Inserted 1000 new rows for table nse_index_nifty_fin_service_2025_01_28
2025-01-06 18:36:16,231 - INFO - Inserted 1000 new rows for table nse_index_nifty_fin_service_2025_01_28
2025-01-06 18:37:54,270 - INFO - Inserted 1000 new rows for table nse_index_nifty_fin_service_2025_01_28
2025-01-06 18:39:31,997 - INFO - Inserted 1000 new rows for table nse_index_nifty_fin_service_2025_01_28
2025-01-06 18:41:10,110 - INFO - Inserted 1000 new rows for table nse_index_nifty_fin_service_2025_01_28
2025-01-06 18:42:47,670 - INFO - Inserted 1000 new rows for table nse_index_nifty_fin_service_2025_01_28
2025-01-06 18:44:24,354 - INFO - Inserted 1000 new rows for table nse_index_nifty_fin_service_2025_01_28
2025-01-06 18:46:01,391 - INFO - Inserted 1000 new rows for table nse_index_nifty_fin_service_2025_01_28
2025-01-06 18:47:37,518 - INFO - Inserted 1000 new rows for table nse_index_nifty_fin_service_2025_01_28
2025-01-06 18:49:16,951 - INFO - Inserted 1000 new rows for table nse_index_nifty_fin_service_2025_01_28
2025-01-06 18:50:53,279 - INFO - Inserted 1000 new rows for table nse_index_nifty_fin_service_2025_01_28
2025-01-06 18:52:30,151 - INFO - Inserted 1000 new rows for table nse_index_nifty_fin_service_2025_01_28
2025-01-06 18:54:05,031 - INFO - Inserted 1000 new rows for table nse_index_nifty_fin_service_2025_01_28
2025-01-06 18:55:41,070 - INFO - Inserted 1000 new rows for table nse_index_nifty_fin_service_2025_01_28
2025-01-06 18:57:18,192 - INFO - Inserted 1000 new rows for table nse_index_nifty_fin_service_2025_01_28
2025-01-06 18:58:53,618 - INFO - Inserted 1000 new rows for table nse_index_nifty_fin_service_2025_01_28
2025-01-06 19:00:29,350 - INFO - Inserted 1000 new rows for table nse_index_nifty_fin_service_2025_01_28
2025-01-06 19:02:05,760 - INFO - Inserted 1000 new rows for table nse_index_nifty_fin_service_2025_01_28
2025-01-06 19:03:41,634 - INFO - Inserted 1000 new rows for table nse_index_nifty_fin_service_2025_01_28
2025-01-06 19:05:17,676 - INFO - Inserted 1000 new rows for table nse_index_nifty_fin_service_2025_01_28
2025-01-06 19:06:54,637 - INFO - Inserted 1000 new rows for table nse_index_nifty_fin_service_2025_01_28
2025-01-06 19:08:32,352 - INFO - Inserted 1000 new rows for table nse_index_nifty_fin_service_2025_01_28
2025-01-06 19:10:09,750 - INFO - Inserted 1000 new rows for table nse_index_nifty_fin_service_2025_01_28
2025-01-06 19:11:48,232 - INFO - Inserted 1000 new rows for table nse_index_nifty_fin_service_2025_01_28
2025-01-06 19:13:23,071 - INFO - Inserted 1000 new rows for table nse_index_nifty_fin_service_2025_01_28
2025-01-06 19:14:56,595 - INFO - Inserted 1000 new rows for table nse_index_nifty_fin_service_2025_01_28
2025-01-06 19:16:35,870 - INFO - Inserted 1000 new rows for table nse_index_nifty_fin_service_2025_01_28
2025-01-06 19:18:26,991 - INFO - Inserted 1000 new rows for table nse_index_nifty_fin_service_2025_01_28
2025-01-06 19:20:09,189 - INFO - Inserted 1000 new rows for table nse_index_nifty_fin_service_2025_01_28
2025-01-06 19:21:42,950 - INFO - Inserted 1000 new rows for table nse_index_nifty_fin_service_2025_01_28
2025-01-06 19:23:14,586 - INFO - Inserted 1000 new rows for table nse_index_nifty_fin_service_2025_01_28
2025-01-06 19:24:43,386 - INFO - Inserted 1000 new rows for table nse_index_nifty_fin_service_2025_01_28
2025-01-06 19:26:13,347 - INFO - Inserted 1000 new rows for table nse_index_nifty_fin_service_2025_01_28
2025-01-06 19:27:45,827 - INFO - Inserted 1000 new rows for table nse_index_nifty_fin_service_2025_01_28
2025-01-06 19:29:38,917 - INFO - Inserted 1000 new rows for table nse_index_nifty_fin_service_2025_01_28
2025-01-06 19:31:34,315 - INFO - Inserted 1000 new rows for table nse_index_nifty_fin_service_2025_01_28
2025-01-06 19:33:24,744 - INFO - Inserted 1000 new rows for table nse_index_nifty_fin_service_2025_01_28
2025-01-06 19:35:18,024 - INFO - Inserted 1000 new rows for table nse_index_nifty_fin_service_2025_01_28
2025-01-06 19:37:09,901 - INFO - Inserted 1000 new rows for table nse_index_nifty_fin_service_2025_01_28
2025-01-06 19:38:59,243 - INFO - Inserted 1000 new rows for table nse_index_nifty_fin_service_2025_01_28
2025-01-06 19:40:46,612 - INFO - Inserted 1000 new rows for table nse_index_nifty_fin_service_2025_01_28
2025-01-06 19:42:21,844 - INFO - Inserted 1000 new rows for table nse_index_nifty_fin_service_2025_01_28
2025-01-06 19:43:40,643 - INFO - Inserted 1000 new rows for table nse_index_nifty_fin_service_2025_01_28
2025-01-06 19:44:49,592 - INFO - Inserted 1000 new rows for table nse_index_nifty_fin_service_2025_01_28
2025-01-06 19:45:47,887 - INFO - Database connections closed
