2025-01-06 15:52:57,746 - INFO - Starting database migration
2025-01-06 15:52:57,746 - INFO - Reading database configurations...
2025-01-06 15:52:59,902 - INFO - Successfully connected to both databases
2025-01-06 15:52:59,977 - INFO - Found 7 tables to migrate: nse_index_nifty_mid_select_2025_01_27, nse_index_nifty_bank_2025_01_29, nse_index_nifty_50_2025_01_09, nse_index_nifty_next_50_2025_01_31, nse_index_nifty_fin_service_2025_01_28, bse_index_bankex_2025_01_27, bse_index_sensex_2025_01_10
2025-01-06 15:52:59,977 - INFO - 
Processing table: nse_index_nifty_mid_select_2025_01_27
2025-01-06 15:53:00,217 - INFO - Copying data for table nse_index_nifty_mid_select_2025_01_27...
2025-01-06 15:53:03,590 - ERROR - Error copying data for table nse_index_nifty_mid_select_2025_01_27: duplicate key value violates unique constraint "nse_index_nifty_mid_select_2025_01_27_pkey"
DETAIL:  Key ("timestamp")=(2025-01-06 09:04:51.413) already exists.

2025-01-06 15:53:03,660 - ERROR - Failed to migrate table nse_index_nifty_mid_select_2025_01_27
2025-01-06 15:53:03,660 - INFO - 
Processing table: nse_index_nifty_bank_2025_01_29
2025-01-06 15:53:04,458 - INFO - Copying data for table nse_index_nifty_bank_2025_01_29...
2025-01-06 15:53:07,900 - ERROR - Error copying data for table nse_index_nifty_bank_2025_01_29: duplicate key value violates unique constraint "nse_index_nifty_bank_2025_01_29_pkey"
DETAIL:  Key ("timestamp")=(2025-01-06 09:04:51.413) already exists.

2025-01-06 15:53:07,978 - ERROR - Failed to migrate table nse_index_nifty_bank_2025_01_29
2025-01-06 15:53:07,978 - INFO - 
Processing table: nse_index_nifty_50_2025_01_09
2025-01-06 15:53:08,064 - INFO - Copying data for table nse_index_nifty_50_2025_01_09...
2025-01-06 15:53:11,343 - ERROR - Error copying data for table nse_index_nifty_50_2025_01_09: duplicate key value violates unique constraint "nse_index_nifty_50_2025_01_09_pkey"
DETAIL:  Key ("timestamp")=(2025-01-06 09:04:51.468) already exists.

2025-01-06 15:53:11,501 - ERROR - Failed to migrate table nse_index_nifty_50_2025_01_09
2025-01-06 15:53:11,501 - INFO - 
Processing table: nse_index_nifty_next_50_2025_01_31
2025-01-06 15:53:11,660 - INFO - Copying data for table nse_index_nifty_next_50_2025_01_31...
2025-01-06 15:53:14,537 - ERROR - Error copying data for table nse_index_nifty_next_50_2025_01_31: duplicate key value violates unique constraint "nse_index_nifty_next_50_2025_01_31_pkey"
DETAIL:  Key ("timestamp")=(2025-01-06 09:04:51.419) already exists.

2025-01-06 15:53:14,541 - ERROR - Failed to migrate table nse_index_nifty_next_50_2025_01_31
2025-01-06 15:53:14,542 - INFO - 
Processing table: nse_index_nifty_fin_service_2025_01_28
2025-01-06 15:53:14,779 - INFO - Copying data for table nse_index_nifty_fin_service_2025_01_28...
2025-01-06 15:53:18,139 - ERROR - Error copying data for table nse_index_nifty_fin_service_2025_01_28: duplicate key value violates unique constraint "nse_index_nifty_fin_service_2025_01_28_pkey"
DETAIL:  Key ("timestamp")=(2025-01-06 09:04:51.436) already exists.

2025-01-06 15:53:18,142 - ERROR - Failed to migrate table nse_index_nifty_fin_service_2025_01_28
2025-01-06 15:53:18,143 - INFO - 
Processing table: bse_index_bankex_2025_01_27
2025-01-06 15:53:18,384 - INFO - Copying data for table bse_index_bankex_2025_01_27...
2025-01-06 15:53:21,502 - ERROR - Error copying data for table bse_index_bankex_2025_01_27: duplicate key value violates unique constraint "bse_index_bankex_2025_01_27_pkey"
DETAIL:  Key ("timestamp")=(2025-01-06 09:04:51.45) already exists.

2025-01-06 15:53:21,658 - ERROR - Failed to migrate table bse_index_bankex_2025_01_27
2025-01-06 15:53:21,658 - INFO - 
Processing table: bse_index_sensex_2025_01_10
2025-01-06 15:53:21,739 - INFO - Copying data for table bse_index_sensex_2025_01_10...
2025-01-06 15:53:24,702 - ERROR - Error copying data for table bse_index_sensex_2025_01_10: duplicate key value violates unique constraint "bse_index_sensex_2025_01_10_pkey"
DETAIL:  Key ("timestamp")=(2025-01-06 09:04:51.453) already exists.

2025-01-06 15:53:24,858 - ERROR - Failed to migrate table bse_index_sensex_2025_01_10
2025-01-06 15:53:24,863 - INFO - Migration completed successfully!
