2025-01-06 15:43:00,061 - INFO - Starting database migration
2025-01-06 15:43:00,864 - INFO - Successfully connected to OptionChain database
2025-01-06 15:43:01,417 - INFO - Successfully connected to OptionData database
2025-01-06 15:43:01,498 - INFO - Processing table nse_index_nifty_mid_select_2025_01_27 (1/7)
2025-01-06 15:43:01,582 - INFO - Created table nse_index_nifty_mid_select_2025_01_27 in target database
2025-01-06 15:43:01,658 - INFO - Table nse_index_nifty_mid_select_2025_01_27 - Source rows: 57218, Target rows before: 57218
2025-01-06 15:43:13,001 - INFO - 
Table nse_index_nifty_mid_select_2025_01_27 migration summary:
- Source rows: 57218
- Target rows before: 57218
- Target rows after: 57218
- Rows inserted: 0
- Rows skipped (duplicates): 57218
- New rows added: 0

2025-01-06 15:43:13,105 - INFO - Processing table nse_index_nifty_bank_2025_01_29 (2/7)
2025-01-06 15:43:13,260 - INFO - Created table nse_index_nifty_bank_2025_01_29 in target database
2025-01-06 15:43:13,417 - INFO - Table nse_index_nifty_bank_2025_01_29 - Source rows: 56925, Target rows before: 56925
2025-01-06 15:43:25,017 - INFO - 
Table nse_index_nifty_bank_2025_01_29 migration summary:
- Source rows: 56925
- Target rows before: 56925
- Target rows after: 56925
- Rows inserted: 0
- Rows skipped (duplicates): 56925
- New rows added: 0

2025-01-06 15:43:25,102 - INFO - Processing table nse_index_nifty_50_2025_01_09 (3/7)
2025-01-06 15:43:25,179 - INFO - Created table nse_index_nifty_50_2025_01_09 in target database
2025-01-06 15:43:25,264 - INFO - Table nse_index_nifty_50_2025_01_09 - Source rows: 55648, Target rows before: 55648
2025-01-06 15:43:37,657 - INFO - 
Table nse_index_nifty_50_2025_01_09 migration summary:
- Source rows: 55648
- Target rows before: 55648
- Target rows after: 55648
- Rows inserted: 0
- Rows skipped (duplicates): 55648
- New rows added: 0

2025-01-06 15:43:37,741 - INFO - Processing table nse_index_nifty_next_50_2025_01_31 (4/7)
2025-01-06 15:43:37,819 - INFO - Created table nse_index_nifty_next_50_2025_01_31 in target database
2025-01-06 15:43:37,898 - INFO - Table nse_index_nifty_next_50_2025_01_31 - Source rows: 59168, Target rows before: 59168
2025-01-06 15:43:49,257 - INFO - 
Table nse_index_nifty_next_50_2025_01_31 migration summary:
- Source rows: 59168
- Target rows before: 59168
- Target rows after: 59168
- Rows inserted: 0
- Rows skipped (duplicates): 59168
- New rows added: 0

2025-01-06 15:43:49,270 - INFO - Processing table nse_index_nifty_fin_service_2025_01_28 (5/7)
2025-01-06 15:43:49,503 - INFO - Created table nse_index_nifty_fin_service_2025_01_28 in target database
2025-01-06 15:43:49,584 - INFO - Table nse_index_nifty_fin_service_2025_01_28 - Source rows: 56329, Target rows before: 56329
2025-01-06 15:44:00,944 - INFO - 
Table nse_index_nifty_fin_service_2025_01_28 migration summary:
- Source rows: 56329
- Target rows before: 56329
- Target rows after: 56329
- Rows inserted: 0
- Rows skipped (duplicates): 56329
- New rows added: 0

2025-01-06 15:44:01,102 - INFO - Processing table bse_index_bankex_2025_01_27 (6/7)
2025-01-06 15:44:01,179 - INFO - Created table bse_index_bankex_2025_01_27 in target database
2025-01-06 15:44:01,264 - INFO - Table bse_index_bankex_2025_01_27 - Source rows: 57477, Target rows before: 57477
2025-01-06 15:44:12,377 - INFO - 
Table bse_index_bankex_2025_01_27 migration summary:
- Source rows: 57477
- Target rows before: 57477
- Target rows after: 57477
- Rows inserted: 0
- Rows skipped (duplicates): 57477
- New rows added: 0

2025-01-06 15:44:12,459 - INFO - Processing table bse_index_sensex_2025_01_10 (7/7)
2025-01-06 15:44:12,464 - INFO - Created table bse_index_sensex_2025_01_10 in target database
2025-01-06 15:44:12,544 - INFO - Table bse_index_sensex_2025_01_10 - Source rows: 57218, Target rows before: 57218
2025-01-06 15:44:23,898 - INFO - 
Table bse_index_sensex_2025_01_10 migration summary:
- Source rows: 57218
- Target rows before: 57218
- Target rows after: 57218
- Rows inserted: 0
- Rows skipped (duplicates): 57218
- New rows added: 0

2025-01-06 15:44:23,980 - INFO - 
Migration Summary:
----------------
Total tables processed: 7
Total rows migrated: 0

2025-01-06 15:44:23,980 - INFO - Database connections closed
