2025-01-08 16:21:18,046 - INFO - Market is closed at 2025-01-08 16:21:18.046345+05:30. Waiting for next check.
2025-01-08 16:21:19,162 - DEBUG - Running job Job(interval=1, unit=seconds, do=fetch_and_insert_data, args=(), kwargs={})
2025-01-08 16:21:19,162 - INFO - Checking market status for date: 2025-01-08, time: 16:21:19
2025-01-08 16:21:19,163 - DEBUG - Starting new HTTPS connection (1): api.upstox.com:443
2025-01-08 16:21:20,525 - DEBUG - https://api.upstox.com:443 "GET /v2/market/holidays/2025-01-08 HTTP/1.1" 200 None
2025-01-08 16:21:20,527 - INFO - Regular market hours check - Is Open: False
2025-01-08 16:21:20,527 - INFO - Market open status: False
2025-01-08 16:21:20,527 - INFO - Market is closed at 2025-01-08 16:21:20.527756+05:30. Waiting for next check.
2025-01-08 16:21:21,641 - DEBUG - Running job Job(interval=1, unit=seconds, do=fetch_and_insert_data, args=(), kwargs={})
2025-01-08 16:21:21,642 - INFO - Checking market status for date: 2025-01-08, time: 16:21:21
2025-01-08 16:21:21,642 - DEBUG - Starting new HTTPS connection (1): api.upstox.com:443
2025-01-08 16:21:23,003 - DEBUG - https://api.upstox.com:443 "GET /v2/market/holidays/2025-01-08 HTTP/1.1" 200 None
2025-01-08 16:21:23,005 - INFO - Regular market hours check - Is Open: False
2025-01-08 16:21:23,005 - INFO - Market open status: False
2025-01-08 16:21:23,005 - INFO - Market is closed at 2025-01-08 16:21:23.005701+05:30. Waiting for next check.
2025-01-08 16:21:24,044 - DEBUG - Running job Job(interval=1, unit=seconds, do=fetch_and_insert_data, args=(), kwargs={})
2025-01-08 16:21:24,045 - INFO - Checking market status for date: 2025-01-08, time: 16:21:24
2025-01-08 16:21:24,045 - DEBUG - Starting new HTTPS connection (1): api.upstox.com:443
2025-01-08 16:21:25,004 - DEBUG - https://api.upstox.com:443 "GET /v2/market/holidays/2025-01-08 HTTP/1.1" 200 None
2025-01-08 16:21:25,007 - INFO - Regular market hours check - Is Open: False
2025-01-08 16:21:25,008 - INFO - Market open status: False
2025-01-08 16:21:25,008 - INFO - Market is closed at 2025-01-08 16:21:25.008200+05:30. Waiting for next check.
2025-01-08 16:21:26,087 - DEBUG - Running job Job(interval=1, unit=seconds, do=fetch_and_insert_data, args=(), kwargs={})
2025-01-08 16:21:26,211 - INFO - Checking market status for date: 2025-01-08, time: 16:21:26
2025-01-08 16:21:26,211 - DEBUG - Starting new HTTPS connection (1): api.upstox.com:443
2025-01-08 16:21:27,322 - DEBUG - https://api.upstox.com:443 "GET /v2/market/holidays/2025-01-08 HTTP/1.1" 200 None
2025-01-08 16:21:27,327 - INFO - Regular market hours check - Is Open: False
2025-01-08 16:21:27,328 - INFO - Market open status: False
2025-01-08 16:21:27,328 - INFO - Market is closed at 2025-01-08 16:21:27.328225+05:30. Waiting for next check.
2025-01-08 16:21:28,442 - DEBUG - Running job Job(interval=1, unit=seconds, do=fetch_and_insert_data, args=(), kwargs={})
2025-01-08 16:21:28,443 - INFO - Checking market status for date: 2025-01-08, time: 16:21:28
2025-01-08 16:21:28,446 - DEBUG - Starting new HTTPS connection (1): api.upstox.com:443
2025-01-08 16:21:29,882 - DEBUG - https://api.upstox.com:443 "GET /v2/market/holidays/2025-01-08 HTTP/1.1" 200 None
2025-01-08 16:21:29,885 - INFO - Regular market hours check - Is Open: False
2025-01-08 16:21:29,885 - INFO - Market open status: False
2025-01-08 16:21:29,885 - INFO - Market is closed at 2025-01-08 16:21:29.885744+05:30. Waiting for next check.
2025-01-08 16:21:30,922 - DEBUG - Running job Job(interval=1, unit=seconds, do=fetch_and_insert_data, args=(), kwargs={})
2025-01-08 16:21:30,923 - INFO - Checking market status for date: 2025-01-08, time: 16:21:30
2025-01-08 16:21:30,923 - DEBUG - Starting new HTTPS connection (1): api.upstox.com:443
2025-01-08 16:21:32,282 - DEBUG - https://api.upstox.com:443 "GET /v2/market/holidays/2025-01-08 HTTP/1.1" 200 None
2025-01-08 16:21:32,284 - INFO - Regular market hours check - Is Open: False
2025-01-08 16:21:32,285 - INFO - Market open status: False
2025-01-08 16:21:32,285 - INFO - Market is closed at 2025-01-08 16:21:32.285250+05:30. Waiting for next check.
2025-01-08 16:21:33,285 - DEBUG - Running job Job(interval=1, unit=seconds, do=fetch_and_insert_data, args=(), kwargs={})
2025-01-08 16:21:33,285 - INFO - Checking market status for date: 2025-01-08, time: 16:21:33
2025-01-08 16:21:33,286 - DEBUG - Starting new HTTPS connection (1): api.upstox.com:443
2025-01-08 16:21:33,882 - DEBUG - https://api.upstox.com:443 "GET /v2/market/holidays/2025-01-08 HTTP/1.1" 200 None
2025-01-08 16:21:33,885 - INFO - Regular market hours check - Is Open: False
2025-01-08 16:21:33,885 - INFO - Market open status: False
2025-01-08 16:21:33,885 - INFO - Market is closed at 2025-01-08 16:21:33.885682+05:30. Waiting for next check.
2025-01-08 16:21:35,001 - DEBUG - Running job Job(interval=1, unit=seconds, do=fetch_and_insert_data, args=(), kwargs={})
2025-01-08 16:21:35,002 - INFO - Checking market status for date: 2025-01-08, time: 16:21:35
2025-01-08 16:21:35,002 - DEBUG - Starting new HTTPS connection (1): api.upstox.com:443
2025-01-08 16:21:36,285 - DEBUG - https://api.upstox.com:443 "GET /v2/market/holidays/2025-01-08 HTTP/1.1" 200 None
2025-01-08 16:21:36,287 - INFO - Regular market hours check - Is Open: False
2025-01-08 16:21:36,287 - INFO - Market open status: False
2025-01-08 16:21:36,287 - INFO - Market is closed at 2025-01-08 16:21:36.287434+05:30. Waiting for next check.
2025-01-08 16:21:37,406 - DEBUG - Running job Job(interval=1, unit=seconds, do=fetch_and_insert_data, args=(), kwargs={})
2025-01-08 16:21:37,406 - INFO - Checking market status for date: 2025-01-08, time: 16:21:37
2025-01-08 16:21:37,407 - DEBUG - Starting new HTTPS connection (1): api.upstox.com:443
2025-01-08 16:21:38,763 - DEBUG - https://api.upstox.com:443 "GET /v2/market/holidays/2025-01-08 HTTP/1.1" 200 None
2025-01-08 16:21:38,765 - INFO - Regular market hours check - Is Open: False
2025-01-08 16:21:38,768 - INFO - Market open status: False
2025-01-08 16:21:38,768 - INFO - Market is closed at 2025-01-08 16:21:38.768670+05:30. Waiting for next check.
2025-01-08 16:21:39,806 - DEBUG - Running job Job(interval=1, unit=seconds, do=fetch_and_insert_data, args=(), kwargs={})
2025-01-08 16:21:39,807 - INFO - Checking market status for date: 2025-01-08, time: 16:21:39
2025-01-08 16:21:39,807 - DEBUG - Starting new HTTPS connection (1): api.upstox.com:443
2025-01-08 16:21:40,684 - DEBUG - https://api.upstox.com:443 "GET /v2/market/holidays/2025-01-08 HTTP/1.1" 200 None
2025-01-08 16:21:40,687 - INFO - Regular market hours check - Is Open: False
2025-01-08 16:21:40,687 - INFO - Market open status: False
2025-01-08 16:21:40,687 - INFO - Market is closed at 2025-01-08 16:21:40.687617+05:30. Waiting for next check.
2025-01-08 16:21:42,042 - DEBUG - Running job Job(interval=1, unit=seconds, do=fetch_and_insert_data, args=(), kwargs={})
2025-01-08 16:21:42,043 - INFO - Checking market status for date: 2025-01-08, time: 16:21:42
2025-01-08 16:21:42,043 - DEBUG - Starting new HTTPS connection (1): api.upstox.com:443
2025-01-08 16:21:43,169 - DEBUG - https://api.upstox.com:443 "GET /v2/market/holidays/2025-01-08 HTTP/1.1" 200 None
2025-01-08 16:21:43,246 - INFO - Regular market hours check - Is Open: False
2025-01-08 16:21:43,246 - INFO - Market open status: False
2025-01-08 16:21:43,246 - INFO - Market is closed at 2025-01-08 16:21:43.246628+05:30. Waiting for next check.
2025-01-08 16:21:44,288 - DEBUG - Running job Job(interval=1, unit=seconds, do=fetch_and_insert_data, args=(), kwargs={})
2025-01-08 16:21:44,288 - INFO - Checking market status for date: 2025-01-08, time: 16:21:44
2025-01-08 16:21:44,289 - DEBUG - Starting new HTTPS connection (1): api.upstox.com:443
2025-01-08 16:21:45,182 - DEBUG - https://api.upstox.com:443 "GET /v2/market/holidays/2025-01-08 HTTP/1.1" 200 None
2025-01-08 16:21:45,183 - INFO - Regular market hours check - Is Open: False
2025-01-08 16:21:45,184 - INFO - Market open status: False
2025-01-08 16:21:45,322 - INFO - Market is closed at 2025-01-08 16:21:45.184359+05:30. Waiting for next check.
2025-01-08 16:21:46,444 - DEBUG - Running job Job(interval=1, unit=seconds, do=fetch_and_insert_data, args=(), kwargs={})
2025-01-08 16:21:46,444 - INFO - Checking market status for date: 2025-01-08, time: 16:21:46
2025-01-08 16:21:46,445 - DEBUG - Starting new HTTPS connection (1): api.upstox.com:443
2025-01-08 16:21:47,810 - DEBUG - https://api.upstox.com:443 "GET /v2/market/holidays/2025-01-08 HTTP/1.1" 200 None
2025-01-08 16:21:48,043 - INFO - Regular market hours check - Is Open: False
2025-01-08 16:21:48,044 - INFO - Market open status: False
2025-01-08 16:21:48,044 - INFO - Market is closed at 2025-01-08 16:21:48.044068+05:30. Waiting for next check.
2025-01-08 16:21:49,085 - DEBUG - Running job Job(interval=1, unit=seconds, do=fetch_and_insert_data, args=(), kwargs={})
2025-01-08 16:21:49,086 - INFO - Checking market status for date: 2025-01-08, time: 16:21:49
2025-01-08 16:21:49,086 - DEBUG - Starting new HTTPS connection (1): api.upstox.com:443
2025-01-08 16:21:50,684 - DEBUG - https://api.upstox.com:443 "GET /v2/market/holidays/2025-01-08 HTTP/1.1" 200 None
2025-01-08 16:21:50,686 - INFO - Regular market hours check - Is Open: False
2025-01-08 16:21:50,686 - INFO - Market open status: False
2025-01-08 16:21:50,762 - INFO - Market is closed at 2025-01-08 16:21:50.762303+05:30. Waiting for next check.
2025-01-08 16:21:51,801 - DEBUG - Running job Job(interval=1, unit=seconds, do=fetch_and_insert_data, args=(), kwargs={})
2025-01-08 16:21:51,802 - INFO - Checking market status for date: 2025-01-08, time: 16:21:51
2025-01-08 16:21:51,805 - DEBUG - Starting new HTTPS connection (1): api.upstox.com:443
2025-01-08 16:21:52,523 - DEBUG - https://api.upstox.com:443 "GET /v2/market/holidays/2025-01-08 HTTP/1.1" 200 None
2025-01-08 16:21:52,526 - INFO - Regular market hours check - Is Open: False
2025-01-08 16:21:52,526 - INFO - Market open status: False
2025-01-08 16:21:52,526 - INFO - Market is closed at 2025-01-08 16:21:52.526657+05:30. Waiting for next check.
2025-01-08 16:21:53,565 - DEBUG - Running job Job(interval=1, unit=seconds, do=fetch_and_insert_data, args=(), kwargs={})
2025-01-08 16:21:53,566 - INFO - Checking market status for date: 2025-01-08, time: 16:21:53
2025-01-08 16:21:53,566 - DEBUG - Starting new HTTPS connection (1): api.upstox.com:443
2025-01-08 16:21:54,683 - DEBUG - https://api.upstox.com:443 "GET /v2/market/holidays/2025-01-08 HTTP/1.1" 200 None
2025-01-08 16:21:54,685 - INFO - Regular market hours check - Is Open: False
2025-01-08 16:21:54,685 - INFO - Market open status: False
2025-01-08 16:21:54,686 - INFO - Market is closed at 2025-01-08 16:21:54.685525+05:30. Waiting for next check.
2025-01-08 16:21:55,730 - DEBUG - Running job Job(interval=1, unit=seconds, do=fetch_and_insert_data, args=(), kwargs={})
2025-01-08 16:21:55,730 - INFO - Checking market status for date: 2025-01-08, time: 16:21:55
2025-01-08 16:21:55,731 - DEBUG - Starting new HTTPS connection (1): api.upstox.com:443
2025-01-08 16:21:56,682 - DEBUG - https://api.upstox.com:443 "GET /v2/market/holidays/2025-01-08 HTTP/1.1" 200 None
2025-01-08 16:21:56,688 - INFO - Regular market hours check - Is Open: False
2025-01-08 16:21:56,688 - INFO - Market open status: False
2025-01-08 16:21:56,688 - INFO - Market is closed at 2025-01-08 16:21:56.688812+05:30. Waiting for next check.
2025-01-08 16:21:57,804 - DEBUG - Running job Job(interval=1, unit=seconds, do=fetch_and_insert_data, args=(), kwargs={})
2025-01-08 16:21:57,805 - INFO - Checking market status for date: 2025-01-08, time: 16:21:57
2025-01-08 16:21:57,805 - DEBUG - Starting new HTTPS connection (1): api.upstox.com:443
2025-01-08 16:21:58,767 - DEBUG - https://api.upstox.com:443 "GET /v2/market/holidays/2025-01-08 HTTP/1.1" 200 None
2025-01-08 16:21:58,843 - INFO - Regular market hours check - Is Open: False
2025-01-08 16:21:58,844 - INFO - Market open status: False
2025-01-08 16:21:58,844 - INFO - Market is closed at 2025-01-08 16:21:58.844345+05:30. Waiting for next check.
2025-01-08 16:21:59,885 - DEBUG - Running job Job(interval=1, unit=seconds, do=fetch_and_insert_data, args=(), kwargs={})
2025-01-08 16:21:59,886 - INFO - Checking market status for date: 2025-01-08, time: 16:21:59
2025-01-08 16:21:59,886 - DEBUG - Starting new HTTPS connection (1): api.upstox.com:443
2025-01-08 16:22:00,841 - DEBUG - https://api.upstox.com:443 "GET /v2/market/holidays/2025-01-08 HTTP/1.1" 200 None
2025-01-08 16:22:00,843 - INFO - Regular market hours check - Is Open: False
2025-01-08 16:22:00,844 - INFO - Market open status: False
2025-01-08 16:22:00,844 - INFO - Market is closed at 2025-01-08 16:22:00.844079+05:30. Waiting for next check.
2025-01-08 16:22:01,966 - DEBUG - Running job Job(interval=1, unit=seconds, do=fetch_and_insert_data, args=(), kwargs={})
2025-01-08 16:22:01,967 - INFO - Checking market status for date: 2025-01-08, time: 16:22:01
2025-01-08 16:22:01,967 - DEBUG - Starting new HTTPS connection (1): api.upstox.com:443
2025-01-08 16:22:02,843 - DEBUG - https://api.upstox.com:443 "GET /v2/market/holidays/2025-01-08 HTTP/1.1" 200 None
2025-01-08 16:22:02,845 - INFO - Regular market hours check - Is Open: False
2025-01-08 16:22:02,845 - INFO - Market open status: False
2025-01-08 16:22:02,845 - INFO - Market is closed at 2025-01-08 16:22:02.845822+05:30. Waiting for next check.
2025-01-08 16:22:04,041 - DEBUG - Running job Job(interval=1, unit=seconds, do=fetch_and_insert_data, args=(), kwargs={})
2025-01-08 16:22:04,042 - INFO - Checking market status for date: 2025-01-08, time: 16:22:04
2025-01-08 16:22:04,042 - DEBUG - Starting new HTTPS connection (1): api.upstox.com:443
2025-01-08 16:22:05,802 - DEBUG - https://api.upstox.com:443 "GET /v2/market/holidays/2025-01-08 HTTP/1.1" 200 None
2025-01-08 16:22:05,806 - INFO - Regular market hours check - Is Open: False
2025-01-08 16:22:05,808 - INFO - Market open status: False
2025-01-08 16:22:05,808 - INFO - Market is closed at 2025-01-08 16:22:05.808308+05:30. Waiting for next check.
2025-01-08 16:22:06,922 - DEBUG - Running job Job(interval=1, unit=seconds, do=fetch_and_insert_data, args=(), kwargs={})
2025-01-08 16:22:06,923 - INFO - Checking market status for date: 2025-01-08, time: 16:22:06
2025-01-08 16:22:06,923 - DEBUG - Starting new HTTPS connection (1): api.upstox.com:443
2025-01-08 16:22:07,725 - DEBUG - https://api.upstox.com:443 "GET /v2/market/holidays/2025-01-08 HTTP/1.1" 200 None
2025-01-08 16:22:07,802 - INFO - Regular market hours check - Is Open: False
2025-01-08 16:22:07,803 - INFO - Market open status: False
2025-01-08 16:22:07,803 - INFO - Market is closed at 2025-01-08 16:22:07.803428+05:30. Waiting for next check.
2025-01-08 16:22:08,844 - DEBUG - Running job Job(interval=1, unit=seconds, do=fetch_and_insert_data, args=(), kwargs={})
2025-01-08 16:22:08,844 - INFO - Checking market status for date: 2025-01-08, time: 16:22:08
2025-01-08 16:22:08,845 - DEBUG - Starting new HTTPS connection (1): api.upstox.com:443
2025-01-08 16:22:09,803 - DEBUG - https://api.upstox.com:443 "GET /v2/market/holidays/2025-01-08 HTTP/1.1" 200 None
2025-01-08 16:22:09,805 - INFO - Regular market hours check - Is Open: False
2025-01-08 16:22:09,806 - INFO - Market open status: False
2025-01-08 16:22:09,806 - INFO - Market is closed at 2025-01-08 16:22:09.806220+05:30. Waiting for next check.
2025-01-08 16:22:10,921 - DEBUG - Running job Job(interval=1, unit=seconds, do=fetch_and_insert_data, args=(), kwargs={})
2025-01-08 16:22:10,922 - INFO - Checking market status for date: 2025-01-08, time: 16:22:10
2025-01-08 16:22:10,922 - DEBUG - Starting new HTTPS connection (1): api.upstox.com:443
2025-01-08 16:22:12,204 - DEBUG - https://api.upstox.com:443 "GET /v2/market/holidays/2025-01-08 HTTP/1.1" 200 None
2025-01-08 16:22:12,206 - INFO - Regular market hours check - Is Open: False
2025-01-08 16:22:12,207 - INFO - Market open status: False
2025-01-08 16:22:12,207 - INFO - Market is closed at 2025-01-08 16:22:12.207414+05:30. Waiting for next check.
2025-01-08 16:22:13,207 - DEBUG - Running job Job(interval=1, unit=seconds, do=fetch_and_insert_data, args=(), kwargs={})
2025-01-08 16:22:13,208 - INFO - Checking market status for date: 2025-01-08, time: 16:22:13
2025-01-08 16:22:13,242 - DEBUG - Starting new HTTPS connection (1): api.upstox.com:443
2025-01-08 16:22:14,122 - DEBUG - https://api.upstox.com:443 "GET /v2/market/holidays/2025-01-08 HTTP/1.1" 200 None
2025-01-08 16:22:14,126 - INFO - Regular market hours check - Is Open: False
2025-01-08 16:22:14,126 - INFO - Market open status: False
2025-01-08 16:22:14,126 - INFO - Market is closed at 2025-01-08 16:22:14.126667+05:30. Waiting for next check.
2025-01-08 16:22:15,244 - DEBUG - Running job Job(interval=1, unit=seconds, do=fetch_and_insert_data, args=(), kwargs={})
2025-01-08 16:22:15,244 - INFO - Checking market status for date: 2025-01-08, time: 16:22:15
2025-01-08 16:22:15,245 - DEBUG - Starting new HTTPS connection (1): api.upstox.com:443
2025-01-08 16:22:15,824 - DEBUG - https://api.upstox.com:443 "GET /v2/market/holidays/2025-01-08 HTTP/1.1" 200 None
2025-01-08 16:22:15,883 - INFO - Regular market hours check - Is Open: False
2025-01-08 16:22:15,883 - INFO - Market open status: False
2025-01-08 16:22:15,883 - INFO - Market is closed at 2025-01-08 16:22:15.883531+05:30. Waiting for next check.
2025-01-08 16:22:16,929 - DEBUG - Running job Job(interval=1, unit=seconds, do=fetch_and_insert_data, args=(), kwargs={})
2025-01-08 16:22:16,929 - INFO - Checking market status for date: 2025-01-08, time: 16:22:16
2025-01-08 16:22:16,930 - DEBUG - Starting new HTTPS connection (1): api.upstox.com:443
2025-01-08 16:22:18,123 - DEBUG - https://api.upstox.com:443 "GET /v2/market/holidays/2025-01-08 HTTP/1.1" 200 None
2025-01-08 16:22:18,124 - INFO - Regular market hours check - Is Open: False
2025-01-08 16:22:18,125 - INFO - Market open status: False
2025-01-08 16:22:18,125 - INFO - Market is closed at 2025-01-08 16:22:18.125293+05:30. Waiting for next check.
2025-01-08 16:22:19,165 - DEBUG - Running job Job(interval=1, unit=seconds, do=fetch_and_insert_data, args=(), kwargs={})
2025-01-08 16:22:19,166 - INFO - Checking market status for date: 2025-01-08, time: 16:22:19
2025-01-08 16:22:19,167 - DEBUG - Starting new HTTPS connection (1): api.upstox.com:443
2025-01-08 16:22:20,603 - DEBUG - https://api.upstox.com:443 "GET /v2/market/holidays/2025-01-08 HTTP/1.1" 200 None
2025-01-08 16:22:20,605 - INFO - Regular market hours check - Is Open: False
2025-01-08 16:22:20,606 - INFO - Market open status: False
2025-01-08 16:22:20,606 - INFO - Market is closed at 2025-01-08 16:22:20.606425+05:30. Waiting for next check.
2025-01-08 16:22:21,641 - DEBUG - Running job Job(interval=1, unit=seconds, do=fetch_and_insert_data, args=(), kwargs={})
2025-01-08 16:22:21,642 - INFO - Checking market status for date: 2025-01-08, time: 16:22:21
2025-01-08 16:22:21,642 - DEBUG - Starting new HTTPS connection (1): api.upstox.com:443
2025-01-08 16:22:22,769 - DEBUG - https://api.upstox.com:443 "GET /v2/market/holidays/2025-01-08 HTTP/1.1" 200 None
2025-01-08 16:22:22,846 - INFO - Regular market hours check - Is Open: False
2025-01-08 16:22:22,850 - INFO - Market open status: False
2025-01-08 16:22:22,851 - INFO - Market is closed at 2025-01-08 16:22:22.851052+05:30. Waiting for next check.
2025-01-08 16:22:23,886 - DEBUG - Running job Job(interval=1, unit=seconds, do=fetch_and_insert_data, args=(), kwargs={})
2025-01-08 16:22:23,886 - INFO - Checking market status for date: 2025-01-08, time: 16:22:23
2025-01-08 16:22:23,887 - DEBUG - Starting new HTTPS connection (1): api.upstox.com:443
2025-01-08 16:22:24,682 - DEBUG - https://api.upstox.com:443 "GET /v2/market/holidays/2025-01-08 HTTP/1.1" 200 None
2025-01-08 16:22:24,684 - INFO - Regular market hours check - Is Open: False
2025-01-08 16:22:24,684 - INFO - Market open status: False
2025-01-08 16:22:24,684 - INFO - Market is closed at 2025-01-08 16:22:24.684612+05:30. Waiting for next check.
2025-01-08 16:22:25,749 - DEBUG - Running job Job(interval=1, unit=seconds, do=fetch_and_insert_data, args=(), kwargs={})
2025-01-08 16:22:25,749 - INFO - Checking market status for date: 2025-01-08, time: 16:22:25
2025-01-08 16:22:25,750 - DEBUG - Starting new HTTPS connection (1): api.upstox.com:443
2025-01-08 16:22:26,602 - DEBUG - https://api.upstox.com:443 "GET /v2/market/holidays/2025-01-08 HTTP/1.1" 200 None
2025-01-08 16:22:26,605 - INFO - Regular market hours check - Is Open: False
2025-01-08 16:22:26,605 - INFO - Market open status: False
2025-01-08 16:22:26,606 - INFO - Market is closed at 2025-01-08 16:22:26.606881+05:30. Waiting for next check.
2025-01-08 16:22:27,643 - DEBUG - Running job Job(interval=1, unit=seconds, do=fetch_and_insert_data, args=(), kwargs={})
2025-01-08 16:22:27,644 - INFO - Checking market status for date: 2025-01-08, time: 16:22:27
2025-01-08 16:22:27,644 - DEBUG - Starting new HTTPS connection (1): api.upstox.com:443
2025-01-08 16:22:28,602 - DEBUG - https://api.upstox.com:443 "GET /v2/market/holidays/2025-01-08 HTTP/1.1" 200 None
2025-01-08 16:22:28,605 - INFO - Regular market hours check - Is Open: False
2025-01-08 16:22:28,605 - INFO - Market open status: False
2025-01-08 16:22:28,606 - INFO - Market is closed at 2025-01-08 16:22:28.606010+05:30. Waiting for next check.
2025-01-08 16:22:29,722 - DEBUG - Running job Job(interval=1, unit=seconds, do=fetch_and_insert_data, args=(), kwargs={})
2025-01-08 16:22:29,722 - INFO - Checking market status for date: 2025-01-08, time: 16:22:29
2025-01-08 16:22:29,722 - DEBUG - Starting new HTTPS connection (1): api.upstox.com:443
2025-01-08 16:22:30,522 - DEBUG - https://api.upstox.com:443 "GET /v2/market/holidays/2025-01-08 HTTP/1.1" 200 None
2025-01-08 16:22:30,525 - INFO - Regular market hours check - Is Open: False
2025-01-08 16:22:30,525 - INFO - Market open status: False
2025-01-08 16:22:30,525 - INFO - Market is closed at 2025-01-08 16:22:30.525889+05:30. Waiting for next check.
2025-01-08 16:22:31,567 - DEBUG - Running job Job(interval=1, unit=seconds, do=fetch_and_insert_data, args=(), kwargs={})
2025-01-08 16:22:31,568 - INFO - Checking market status for date: 2025-01-08, time: 16:22:31
2025-01-08 16:22:31,886 - DEBUG - Starting new HTTPS connection (1): api.upstox.com:443
2025-01-08 16:22:33,009 - DEBUG - https://api.upstox.com:443 "GET /v2/market/holidays/2025-01-08 HTTP/1.1" 200 None
2025-01-08 16:22:33,166 - INFO - Regular market hours check - Is Open: False
2025-01-08 16:22:33,166 - INFO - Market open status: False
2025-01-08 16:22:33,167 - INFO - Market is closed at 2025-01-08 16:22:33.167003+05:30. Waiting for next check.
2025-01-08 16:22:34,206 - DEBUG - Running job Job(interval=1, unit=seconds, do=fetch_and_insert_data, args=(), kwargs={})
2025-01-08 16:22:34,206 - INFO - Checking market status for date: 2025-01-08, time: 16:22:34
2025-01-08 16:22:34,207 - DEBUG - Starting new HTTPS connection (1): api.upstox.com:443
2025-01-08 16:22:36,689 - DEBUG - https://api.upstox.com:443 "GET /v2/market/holidays/2025-01-08 HTTP/1.1" 200 None
2025-01-08 16:22:36,762 - INFO - Regular market hours check - Is Open: False
2025-01-08 16:22:36,763 - INFO - Market open status: False
2025-01-08 16:22:36,763 - INFO - Market is closed at 2025-01-08 16:22:36.763130+05:30. Waiting for next check.
2025-01-08 16:22:37,803 - DEBUG - Running job Job(interval=1, unit=seconds, do=fetch_and_insert_data, args=(), kwargs={})
2025-01-08 16:22:37,804 - INFO - Checking market status for date: 2025-01-08, time: 16:22:37
2025-01-08 16:22:37,804 - DEBUG - Starting new HTTPS connection (1): api.upstox.com:443
2025-01-08 16:22:39,100 - DEBUG - https://api.upstox.com:443 "GET /v2/market/holidays/2025-01-08 HTTP/1.1" 200 None
2025-01-08 16:22:39,163 - INFO - Regular market hours check - Is Open: False
2025-01-08 16:22:39,163 - INFO - Market open status: False
2025-01-08 16:22:39,163 - INFO - Market is closed at 2025-01-08 16:22:39.163960+05:30. Waiting for next check.
2025-01-08 16:22:40,203 - DEBUG - Running job Job(interval=1, unit=seconds, do=fetch_and_insert_data, args=(), kwargs={})
2025-01-08 16:22:40,204 - INFO - Checking market status for date: 2025-01-08, time: 16:22:40
2025-01-08 16:22:40,206 - DEBUG - Starting new HTTPS connection (1): api.upstox.com:443
2025-01-08 16:22:40,924 - DEBUG - https://api.upstox.com:443 "GET /v2/market/holidays/2025-01-08 HTTP/1.1" 200 None
2025-01-08 16:22:40,926 - INFO - Regular market hours check - Is Open: False
2025-01-08 16:22:40,927 - INFO - Market open status: False
2025-01-08 16:22:40,927 - INFO - Market is closed at 2025-01-08 16:22:40.927333+05:30. Waiting for next check.
2025-01-08 16:22:42,045 - DEBUG - Running job Job(interval=1, unit=seconds, do=fetch_and_insert_data, args=(), kwargs={})
2025-01-08 16:22:42,046 - INFO - Checking market status for date: 2025-01-08, time: 16:22:42
2025-01-08 16:22:42,046 - DEBUG - Starting new HTTPS connection (1): api.upstox.com:443
2025-01-08 16:22:43,082 - DEBUG - https://api.upstox.com:443 "GET /v2/market/holidays/2025-01-08 HTTP/1.1" 200 None
2025-01-08 16:22:43,084 - INFO - Regular market hours check - Is Open: False
2025-01-08 16:22:43,085 - INFO - Market open status: False
2025-01-08 16:22:43,085 - INFO - Market is closed at 2025-01-08 16:22:43.085206+05:30. Waiting for next check.
2025-01-08 16:22:44,202 - DEBUG - Running job Job(interval=1, unit=seconds, do=fetch_and_insert_data, args=(), kwargs={})
2025-01-08 16:22:44,203 - INFO - Checking market status for date: 2025-01-08, time: 16:22:44
2025-01-08 16:22:44,203 - DEBUG - Starting new HTTPS connection (1): api.upstox.com:443
2025-01-08 16:22:45,323 - DEBUG - https://api.upstox.com:443 "GET /v2/market/holidays/2025-01-08 HTTP/1.1" 200 None
2025-01-08 16:22:45,324 - INFO - Regular market hours check - Is Open: False
2025-01-08 16:22:45,325 - INFO - Market open status: False
2025-01-08 16:22:45,325 - INFO - Market is closed at 2025-01-08 16:22:45.325278+05:30. Waiting for next check.
2025-01-08 16:22:46,364 - DEBUG - Running job Job(interval=1, unit=seconds, do=fetch_and_insert_data, args=(), kwargs={})
2025-01-08 16:22:46,365 - INFO - Checking market status for date: 2025-01-08, time: 16:22:46
2025-01-08 16:22:46,365 - DEBUG - Starting new HTTPS connection (1): api.upstox.com:443
2025-01-08 16:22:47,007 - DEBUG - https://api.upstox.com:443 "GET /v2/market/holidays/2025-01-08 HTTP/1.1" 200 None
2025-01-08 16:22:47,009 - INFO - Regular market hours check - Is Open: False
2025-01-08 16:22:47,013 - INFO - Market open status: False
2025-01-08 16:22:47,013 - INFO - Market is closed at 2025-01-08 16:22:47.013215+05:30. Waiting for next check.
2025-01-08 16:22:48,050 - DEBUG - Running job Job(interval=1, unit=seconds, do=fetch_and_insert_data, args=(), kwargs={})
2025-01-08 16:22:48,051 - INFO - Checking market status for date: 2025-01-08, time: 16:22:48
2025-01-08 16:22:48,051 - DEBUG - Starting new HTTPS connection (1): api.upstox.com:443
2025-01-08 16:22:49,167 - DEBUG - https://api.upstox.com:443 "GET /v2/market/holidays/2025-01-08 HTTP/1.1" 200 None
2025-01-08 16:22:49,168 - INFO - Regular market hours check - Is Open: False
2025-01-08 16:22:49,169 - INFO - Market open status: False
2025-01-08 16:22:49,169 - INFO - Market is closed at 2025-01-08 16:22:49.169182+05:30. Waiting for next check.
2025-01-08 16:22:50,219 - DEBUG - Running job Job(interval=1, unit=seconds, do=fetch_and_insert_data, args=(), kwargs={})
2025-01-08 16:22:50,219 - INFO - Checking market status for date: 2025-01-08, time: 16:22:50
2025-01-08 16:22:50,365 - DEBUG - Starting new HTTPS connection (1): api.upstox.com:443
2025-01-08 16:22:52,049 - DEBUG - https://api.upstox.com:443 "GET /v2/market/holidays/2025-01-08 HTTP/1.1" 200 None
2025-01-08 16:22:52,288 - INFO - Regular market hours check - Is Open: False
2025-01-08 16:22:52,288 - INFO - Market open status: False
2025-01-08 16:22:52,288 - INFO - Market is closed at 2025-01-08 16:22:52.288815+05:30. Waiting for next check.
2025-01-08 16:22:53,402 - DEBUG - Running job Job(interval=1, unit=seconds, do=fetch_and_insert_data, args=(), kwargs={})
2025-01-08 16:22:53,402 - INFO - Checking market status for date: 2025-01-08, time: 16:22:53
2025-01-08 16:22:53,403 - DEBUG - Starting new HTTPS connection (1): api.upstox.com:443
2025-01-08 16:22:54,687 - DEBUG - https://api.upstox.com:443 "GET /v2/market/holidays/2025-01-08 HTTP/1.1" 200 None
2025-01-08 16:22:54,924 - INFO - Regular market hours check - Is Open: False
2025-01-08 16:22:54,924 - INFO - Market open status: False
2025-01-08 16:22:54,924 - INFO - Market is closed at 2025-01-08 16:22:54.924550+05:30. Waiting for next check.
2025-01-08 16:22:55,965 - DEBUG - Running job Job(interval=1, unit=seconds, do=fetch_and_insert_data, args=(), kwargs={})
2025-01-08 16:22:55,966 - INFO - Checking market status for date: 2025-01-08, time: 16:22:55
2025-01-08 16:22:55,966 - DEBUG - Starting new HTTPS connection (1): api.upstox.com:443
2025-01-08 16:22:57,483 - DEBUG - https://api.upstox.com:443 "GET /v2/market/holidays/2025-01-08 HTTP/1.1" 200 None
2025-01-08 16:22:57,485 - INFO - Regular market hours check - Is Open: False
2025-01-08 16:22:57,486 - INFO - Market open status: False
2025-01-08 16:22:57,486 - INFO - Market is closed at 2025-01-08 16:22:57.486275+05:30. Waiting for next check.
2025-01-08 16:22:58,523 - DEBUG - Running job Job(interval=1, unit=seconds, do=fetch_and_insert_data, args=(), kwargs={})
2025-01-08 16:22:58,524 - INFO - Checking market status for date: 2025-01-08, time: 16:22:58
2025-01-08 16:22:58,525 - DEBUG - Starting new HTTPS connection (1): api.upstox.com:443
2025-01-08 16:22:59,245 - DEBUG - https://api.upstox.com:443 "GET /v2/market/holidays/2025-01-08 HTTP/1.1" 200 None
2025-01-08 16:22:59,614 - INFO - Regular market hours check - Is Open: False
2025-01-08 16:22:59,614 - INFO - Market open status: False
2025-01-08 16:22:59,644 - INFO - Market is closed at 2025-01-08 16:22:59.644228+05:30. Waiting for next check.
2025-01-08 16:23:00,681 - DEBUG - Running job Job(interval=1, unit=seconds, do=fetch_and_insert_data, args=(), kwargs={})
2025-01-08 16:23:00,683 - INFO - Checking market status for date: 2025-01-08, time: 16:23:00
2025-01-08 16:23:00,684 - DEBUG - Starting new HTTPS connection (1): api.upstox.com:443
2025-01-08 16:23:01,482 - DEBUG - https://api.upstox.com:443 "GET /v2/market/holidays/2025-01-08 HTTP/1.1" 200 None
2025-01-08 16:23:01,485 - INFO - Regular market hours check - Is Open: False
2025-01-08 16:23:01,486 - INFO - Market open status: False
2025-01-08 16:23:01,486 - INFO - Market is closed at 2025-01-08 16:23:01.486279+05:30. Waiting for next check.
2025-01-08 16:23:02,604 - DEBUG - Running job Job(interval=1, unit=seconds, do=fetch_and_insert_data, args=(), kwargs={})
2025-01-08 16:23:02,605 - INFO - Checking market status for date: 2025-01-08, time: 16:23:02
2025-01-08 16:23:02,605 - DEBUG - Starting new HTTPS connection (1): api.upstox.com:443
2025-01-08 16:23:03,566 - DEBUG - https://api.upstox.com:443 "GET /v2/market/holidays/2025-01-08 HTTP/1.1" 200 None
2025-01-08 16:23:03,568 - INFO - Regular market hours check - Is Open: False
2025-01-08 16:23:03,568 - INFO - Market open status: False
2025-01-08 16:23:03,568 - INFO - Market is closed at 2025-01-08 16:23:03.568703+05:30. Waiting for next check.
2025-01-08 16:23:04,568 - DEBUG - Running job Job(interval=1, unit=seconds, do=fetch_and_insert_data, args=(), kwargs={})
2025-01-08 16:23:04,569 - INFO - Checking market status for date: 2025-01-08, time: 16:23:04
2025-01-08 16:23:04,569 - DEBUG - Starting new HTTPS connection (1): api.upstox.com:443
2025-01-08 16:23:05,809 - DEBUG - https://api.upstox.com:443 "GET /v2/market/holidays/2025-01-08 HTTP/1.1" 200 None
2025-01-08 16:23:06,123 - INFO - Regular market hours check - Is Open: False
2025-01-08 16:23:06,123 - INFO - Market open status: False
2025-01-08 16:23:06,123 - INFO - Market is closed at 2025-01-08 16:23:06.123824+05:30. Waiting for next check.
2025-01-08 16:23:07,167 - DEBUG - Running job Job(interval=1, unit=seconds, do=fetch_and_insert_data, args=(), kwargs={})
2025-01-08 16:23:07,167 - INFO - Checking market status for date: 2025-01-08, time: 16:23:07
2025-01-08 16:23:07,168 - DEBUG - Starting new HTTPS connection (1): api.upstox.com:443
2025-01-08 16:23:08,686 - DEBUG - https://api.upstox.com:443 "GET /v2/market/holidays/2025-01-08 HTTP/1.1" 200 None
2025-01-08 16:23:08,764 - INFO - Regular market hours check - Is Open: False
2025-01-08 16:23:08,765 - INFO - Market open status: False
2025-01-08 16:23:08,765 - INFO - Market is closed at 2025-01-08 16:23:08.765811+05:30. Waiting for next check.
2025-01-08 16:23:09,804 - DEBUG - Running job Job(interval=1, unit=seconds, do=fetch_and_insert_data, args=(), kwargs={})
2025-01-08 16:23:09,805 - INFO - Checking market status for date: 2025-01-08, time: 16:23:09
2025-01-08 16:23:09,808 - DEBUG - Starting new HTTPS connection (1): api.upstox.com:443
2025-01-08 16:23:11,163 - DEBUG - https://api.upstox.com:443 "GET /v2/market/holidays/2025-01-08 HTTP/1.1" 200 None
2025-01-08 16:23:11,164 - INFO - Regular market hours check - Is Open: False
2025-01-08 16:23:11,165 - INFO - Market open status: False
2025-01-08 16:23:11,165 - INFO - Market is closed at 2025-01-08 16:23:11.165314+05:30. Waiting for next check.
2025-01-08 16:23:12,361 - DEBUG - Running job Job(interval=1, unit=seconds, do=fetch_and_insert_data, args=(), kwargs={})
2025-01-08 16:23:12,362 - INFO - Checking market status for date: 2025-01-08, time: 16:23:12
2025-01-08 16:23:12,363 - DEBUG - Starting new HTTPS connection (1): api.upstox.com:443
2025-01-08 16:23:13,085 - DEBUG - https://api.upstox.com:443 "GET /v2/market/holidays/2025-01-08 HTTP/1.1" 200 None
2025-01-08 16:23:13,087 - INFO - Regular market hours check - Is Open: False
2025-01-08 16:23:13,087 - INFO - Market open status: False
2025-01-08 16:23:13,162 - INFO - Market is closed at 2025-01-08 16:23:13.087826+05:30. Waiting for next check.
2025-01-08 16:23:14,285 - DEBUG - Running job Job(interval=1, unit=seconds, do=fetch_and_insert_data, args=(), kwargs={})
2025-01-08 16:23:14,285 - INFO - Checking market status for date: 2025-01-08, time: 16:23:14
2025-01-08 16:23:14,286 - DEBUG - Starting new HTTPS connection (1): api.upstox.com:443
2025-01-08 16:23:15,245 - DEBUG - https://api.upstox.com:443 "GET /v2/market/holidays/2025-01-08 HTTP/1.1" 200 None
2025-01-08 16:23:15,249 - INFO - Regular market hours check - Is Open: False
2025-01-08 16:23:15,484 - INFO - Market open status: False
2025-01-08 16:23:15,484 - INFO - Market is closed at 2025-01-08 16:23:15.484203+05:30. Waiting for next check.
2025-01-08 16:23:16,523 - DEBUG - Running job Job(interval=1, unit=seconds, do=fetch_and_insert_data, args=(), kwargs={})
2025-01-08 16:23:16,524 - INFO - Checking market status for date: 2025-01-08, time: 16:23:16
2025-01-08 16:23:16,524 - DEBUG - Starting new HTTPS connection (1): api.upstox.com:443
2025-01-08 16:23:18,203 - DEBUG - https://api.upstox.com:443 "GET /v2/market/holidays/2025-01-08 HTTP/1.1" 200 None
2025-01-08 16:23:18,205 - INFO - Regular market hours check - Is Open: False
2025-01-08 16:23:18,205 - INFO - Market open status: False
2025-01-08 16:23:18,206 - INFO - Market is closed at 2025-01-08 16:23:18.206041+05:30. Waiting for next check.
2025-01-08 16:23:19,242 - DEBUG - Running job Job(interval=1, unit=seconds, do=fetch_and_insert_data, args=(), kwargs={})
2025-01-08 16:23:19,242 - INFO - Checking market status for date: 2025-01-08, time: 16:23:19
2025-01-08 16:23:19,243 - DEBUG - Starting new HTTPS connection (1): api.upstox.com:443
2025-01-08 16:23:20,043 - DEBUG - https://api.upstox.com:443 "GET /v2/market/holidays/2025-01-08 HTTP/1.1" 200 None
2025-01-08 16:23:20,045 - INFO - Regular market hours check - Is Open: False
2025-01-08 16:23:20,046 - INFO - Market open status: False
2025-01-08 16:23:20,046 - INFO - Market is closed at 2025-01-08 16:23:20.046381+05:30. Waiting for next check.
2025-01-08 16:23:21,088 - DEBUG - Running job Job(interval=1, unit=seconds, do=fetch_and_insert_data, args=(), kwargs={})
2025-01-08 16:23:21,088 - INFO - Checking market status for date: 2025-01-08, time: 16:23:21
2025-01-08 16:23:21,088 - DEBUG - Starting new HTTPS connection (1): api.upstox.com:443
2025-01-08 16:23:22,443 - DEBUG - https://api.upstox.com:443 "GET /v2/market/holidays/2025-01-08 HTTP/1.1" 200 None
2025-01-08 16:23:22,447 - INFO - Regular market hours check - Is Open: False
2025-01-08 16:23:22,447 - INFO - Market open status: False
2025-01-08 16:23:22,447 - INFO - Market is closed at 2025-01-08 16:23:22.447917+05:30. Waiting for next check.
2025-01-08 16:23:23,565 - DEBUG - Running job Job(interval=1, unit=seconds, do=fetch_and_insert_data, args=(), kwargs={})
2025-01-08 16:23:23,566 - INFO - Checking market status for date: 2025-01-08, time: 16:23:23
2025-01-08 16:23:23,566 - DEBUG - Starting new HTTPS connection (1): api.upstox.com:443
2025-01-08 16:23:25,405 - DEBUG - https://api.upstox.com:443 "GET /v2/market/holidays/2025-01-08 HTTP/1.1" 200 None
2025-01-08 16:23:25,408 - INFO - Regular market hours check - Is Open: False
2025-01-08 16:23:25,408 - INFO - Market open status: False
2025-01-08 16:23:25,408 - INFO - Market is closed at 2025-01-08 16:23:25.408578+05:30. Waiting for next check.
2025-01-08 16:23:26,522 - DEBUG - Running job Job(interval=1, unit=seconds, do=fetch_and_insert_data, args=(), kwargs={})
2025-01-08 16:23:26,522 - INFO - Checking market status for date: 2025-01-08, time: 16:23:26
2025-01-08 16:23:26,523 - DEBUG - Starting new HTTPS connection (1): api.upstox.com:443
2025-01-08 16:23:28,202 - DEBUG - https://api.upstox.com:443 "GET /v2/market/holidays/2025-01-08 HTTP/1.1" 200 None
2025-01-08 16:23:28,204 - INFO - Regular market hours check - Is Open: False
2025-01-08 16:23:28,204 - INFO - Market open status: False
2025-01-08 16:23:28,204 - INFO - Market is closed at 2025-01-08 16:23:28.204853+05:30. Waiting for next check.
2025-01-08 16:23:29,253 - DEBUG - Running job Job(interval=1, unit=seconds, do=fetch_and_insert_data, args=(), kwargs={})
2025-01-08 16:23:29,253 - INFO - Checking market status for date: 2025-01-08, time: 16:23:29
2025-01-08 16:23:29,254 - DEBUG - Starting new HTTPS connection (1): api.upstox.com:443
2025-01-08 16:23:30,202 - DEBUG - https://api.upstox.com:443 "GET /v2/market/holidays/2025-01-08 HTTP/1.1" 200 None
2025-01-08 16:23:30,205 - INFO - Regular market hours check - Is Open: False
2025-01-08 16:23:30,205 - INFO - Market open status: False
2025-01-08 16:23:30,205 - INFO - Market is closed at 2025-01-08 16:23:30.205571+05:30. Waiting for next check.
2025-01-08 16:23:31,322 - DEBUG - Running job Job(interval=1, unit=seconds, do=fetch_and_insert_data, args=(), kwargs={})
2025-01-08 16:23:31,322 - INFO - Checking market status for date: 2025-01-08, time: 16:23:31
2025-01-08 16:23:31,323 - DEBUG - Starting new HTTPS connection (1): api.upstox.com:443
2025-01-08 16:23:32,293 - DEBUG - https://api.upstox.com:443 "GET /v2/market/holidays/2025-01-08 HTTP/1.1" 200 None
2025-01-08 16:23:32,683 - INFO - Regular market hours check - Is Open: False
2025-01-08 16:23:32,683 - INFO - Market open status: False
2025-01-08 16:23:32,683 - INFO - Market is closed at 2025-01-08 16:23:32.683945+05:30. Waiting for next check.
2025-01-08 16:23:33,881 - DEBUG - Running job Job(interval=1, unit=seconds, do=fetch_and_insert_data, args=(), kwargs={})
2025-01-08 16:23:33,883 - INFO - Checking market status for date: 2025-01-08, time: 16:23:33
2025-01-08 16:23:33,883 - DEBUG - Starting new HTTPS connection (1): api.upstox.com:443
2025-01-08 16:23:34,444 - DEBUG - https://api.upstox.com:443 "GET /v2/market/holidays/2025-01-08 HTTP/1.1" 200 None
2025-01-08 16:23:34,843 - INFO - Regular market hours check - Is Open: False
2025-01-08 16:23:34,844 - INFO - Market open status: False
2025-01-08 16:23:34,844 - INFO - Market is closed at 2025-01-08 16:23:34.844322+05:30. Waiting for next check.
2025-01-08 16:23:35,881 - DEBUG - Running job Job(interval=1, unit=seconds, do=fetch_and_insert_data, args=(), kwargs={})
2025-01-08 16:23:35,881 - INFO - Checking market status for date: 2025-01-08, time: 16:23:35
2025-01-08 16:23:35,882 - DEBUG - Starting new HTTPS connection (1): api.upstox.com:443
2025-01-08 16:23:36,682 - DEBUG - https://api.upstox.com:443 "GET /v2/market/holidays/2025-01-08 HTTP/1.1" 200 None
2025-01-08 16:23:36,686 - INFO - Regular market hours check - Is Open: False
2025-01-08 16:23:36,686 - INFO - Market open status: False
2025-01-08 16:23:36,686 - INFO - Market is closed at 2025-01-08 16:23:36.686708+05:30. Waiting for next check.
2025-01-08 16:23:37,881 - DEBUG - Running job Job(interval=1, unit=seconds, do=fetch_and_insert_data, args=(), kwargs={})
2025-01-08 16:23:37,881 - INFO - Checking market status for date: 2025-01-08, time: 16:23:37
2025-01-08 16:23:37,882 - DEBUG - Starting new HTTPS connection (1): api.upstox.com:443
2025-01-08 16:23:38,477 - DEBUG - https://api.upstox.com:443 "GET /v2/market/holidays/2025-01-08 HTTP/1.1" 200 None
2025-01-08 16:23:38,479 - INFO - Regular market hours check - Is Open: False
2025-01-08 16:23:38,523 - INFO - Market open status: False
2025-01-08 16:23:38,523 - INFO - Market is closed at 2025-01-08 16:23:38.523167+05:30. Waiting for next check.
2025-01-08 16:23:39,645 - DEBUG - Running job Job(interval=1, unit=seconds, do=fetch_and_insert_data, args=(), kwargs={})
2025-01-08 16:23:39,646 - INFO - Checking market status for date: 2025-01-08, time: 16:23:39
2025-01-08 16:23:39,648 - DEBUG - Starting new HTTPS connection (1): api.upstox.com:443
2025-01-08 16:23:41,082 - DEBUG - https://api.upstox.com:443 "GET /v2/market/holidays/2025-01-08 HTTP/1.1" 200 None
2025-01-08 16:23:41,086 - INFO - Regular market hours check - Is Open: False
2025-01-08 16:23:41,086 - INFO - Market open status: False
2025-01-08 16:23:41,087 - INFO - Market is closed at 2025-01-08 16:23:41.087370+05:30. Waiting for next check.
2025-01-08 16:23:42,122 - DEBUG - Running job Job(interval=1, unit=seconds, do=fetch_and_insert_data, args=(), kwargs={})
2025-01-08 16:23:42,122 - INFO - Checking market status for date: 2025-01-08, time: 16:23:42
2025-01-08 16:23:42,123 - DEBUG - Starting new HTTPS connection (1): api.upstox.com:443
2025-01-08 16:23:43,732 - DEBUG - https://api.upstox.com:443 "GET /v2/market/holidays/2025-01-08 HTTP/1.1" 200 None
2025-01-08 16:23:43,804 - INFO - Regular market hours check - Is Open: False
2025-01-08 16:23:43,804 - INFO - Market open status: False
2025-01-08 16:23:43,804 - INFO - Market is closed at 2025-01-08 16:23:43.804552+05:30. Waiting for next check.
2025-01-08 16:23:44,804 - DEBUG - Running job Job(interval=1, unit=seconds, do=fetch_and_insert_data, args=(), kwargs={})
2025-01-08 16:23:44,805 - INFO - Checking market status for date: 2025-01-08, time: 16:23:44
2025-01-08 16:23:44,805 - DEBUG - Starting new HTTPS connection (1): api.upstox.com:443
2025-01-08 16:23:45,003 - DEBUG - https://api.upstox.com:443 "GET /v2/market/holidays/2025-01-08 HTTP/1.1" 200 None
2025-01-08 16:23:45,005 - INFO - Regular market hours check - Is Open: False
2025-01-08 16:23:45,006 - INFO - Market open status: False
2025-01-08 16:23:45,006 - INFO - Market is closed at 2025-01-08 16:23:45.006157+05:30. Waiting for next check.
2025-01-08 16:23:46,126 - DEBUG - Running job Job(interval=1, unit=seconds, do=fetch_and_insert_data, args=(), kwargs={})
2025-01-08 16:23:46,127 - INFO - Checking market status for date: 2025-01-08, time: 16:23:46
2025-01-08 16:23:46,127 - DEBUG - Starting new HTTPS connection (1): api.upstox.com:443
2025-01-08 16:23:47,642 - DEBUG - https://api.upstox.com:443 "GET /v2/market/holidays/2025-01-08 HTTP/1.1" 200 None
2025-01-08 16:23:47,644 - INFO - Regular market hours check - Is Open: False
2025-01-08 16:23:47,644 - INFO - Market open status: False
2025-01-08 16:23:47,644 - INFO - Market is closed at 2025-01-08 16:23:47.644819+05:30. Waiting for next check.
2025-01-08 16:23:48,766 - DEBUG - Running job Job(interval=1, unit=seconds, do=fetch_and_insert_data, args=(), kwargs={})
2025-01-08 16:23:48,766 - INFO - Checking market status for date: 2025-01-08, time: 16:23:48
2025-01-08 16:23:48,767 - DEBUG - Starting new HTTPS connection (1): api.upstox.com:443
2025-01-08 16:23:50,053 - DEBUG - https://api.upstox.com:443 "GET /v2/market/holidays/2025-01-08 HTTP/1.1" 200 None
2025-01-08 16:23:50,055 - INFO - Regular market hours check - Is Open: False
2025-01-08 16:23:50,204 - INFO - Market open status: False
2025-01-08 16:23:50,204 - INFO - Market is closed at 2025-01-08 16:23:50.204622+05:30. Waiting for next check.
2025-01-08 16:23:51,322 - DEBUG - Running job Job(interval=1, unit=seconds, do=fetch_and_insert_data, args=(), kwargs={})
2025-01-08 16:23:51,322 - INFO - Checking market status for date: 2025-01-08, time: 16:23:51
2025-01-08 16:23:51,323 - DEBUG - Starting new HTTPS connection (1): api.upstox.com:443
2025-01-08 16:23:52,126 - DEBUG - https://api.upstox.com:443 "GET /v2/market/holidays/2025-01-08 HTTP/1.1" 200 None
2025-01-08 16:23:52,127 - INFO - Regular market hours check - Is Open: False
2025-01-08 16:23:52,127 - INFO - Market open status: False
2025-01-08 16:23:52,128 - INFO - Market is closed at 2025-01-08 16:23:52.128038+05:30. Waiting for next check.
2025-01-08 16:23:53,128 - DEBUG - Running job Job(interval=1, unit=seconds, do=fetch_and_insert_data, args=(), kwargs={})
2025-01-08 16:23:53,128 - INFO - Checking market status for date: 2025-01-08, time: 16:23:53
2025-01-08 16:23:53,129 - DEBUG - Starting new HTTPS connection (1): api.upstox.com:443
2025-01-08 16:23:53,888 - DEBUG - https://api.upstox.com:443 "GET /v2/market/holidays/2025-01-08 HTTP/1.1" 200 None
2025-01-08 16:23:53,963 - INFO - Regular market hours check - Is Open: False
2025-01-08 16:23:53,964 - INFO - Market open status: False
2025-01-08 16:23:53,964 - INFO - Market is closed at 2025-01-08 16:23:53.964335+05:30. Waiting for next check.
2025-01-08 16:23:55,082 - DEBUG - Running job Job(interval=1, unit=seconds, do=fetch_and_insert_data, args=(), kwargs={})
2025-01-08 16:23:55,083 - INFO - Checking market status for date: 2025-01-08, time: 16:23:55
2025-01-08 16:23:55,083 - DEBUG - Starting new HTTPS connection (1): api.upstox.com:443
2025-01-08 16:23:56,345 - DEBUG - https://api.upstox.com:443 "GET /v2/market/holidays/2025-01-08 HTTP/1.1" 200 None
2025-01-08 16:23:56,371 - INFO - Regular market hours check - Is Open: False
2025-01-08 16:23:56,371 - INFO - Market open status: False
2025-01-08 16:23:56,371 - INFO - Market is closed at 2025-01-08 16:23:56.371528+05:30. Waiting for next check.
2025-01-08 16:23:57,407 - DEBUG - Running job Job(interval=1, unit=seconds, do=fetch_and_insert_data, args=(), kwargs={})
2025-01-08 16:23:57,407 - INFO - Checking market status for date: 2025-01-08, time: 16:23:57
2025-01-08 16:23:57,407 - DEBUG - Starting new HTTPS connection (1): api.upstox.com:443
2025-01-08 16:23:58,687 - DEBUG - https://api.upstox.com:443 "GET /v2/market/holidays/2025-01-08 HTTP/1.1" 200 None
2025-01-08 16:23:58,763 - INFO - Regular market hours check - Is Open: False
2025-01-08 16:23:58,764 - INFO - Market open status: False
2025-01-08 16:23:58,764 - INFO - Market is closed at 2025-01-08 16:23:58.764504+05:30. Waiting for next check.
2025-01-08 16:23:59,777 - DEBUG - Running job Job(interval=1, unit=seconds, do=fetch_and_insert_data, args=(), kwargs={})
2025-01-08 16:23:59,777 - INFO - Checking market status for date: 2025-01-08, time: 16:23:59
2025-01-08 16:23:59,778 - DEBUG - Starting new HTTPS connection (1): api.upstox.com:443
2025-01-08 16:24:00,846 - DEBUG - https://api.upstox.com:443 "GET /v2/market/holidays/2025-01-08 HTTP/1.1" 200 None
2025-01-08 16:24:00,848 - INFO - Regular market hours check - Is Open: False
2025-01-08 16:24:00,848 - INFO - Market open status: False
2025-01-08 16:24:00,848 - INFO - Market is closed at 2025-01-08 16:24:00.848543+05:30. Waiting for next check.
2025-01-08 16:24:01,961 - DEBUG - Running job Job(interval=1, unit=seconds, do=fetch_and_insert_data, args=(), kwargs={})
2025-01-08 16:24:01,961 - INFO - Checking market status for date: 2025-01-08, time: 16:24:01
2025-01-08 16:24:01,964 - DEBUG - Starting new HTTPS connection (1): api.upstox.com:443
2025-01-08 16:24:02,844 - DEBUG - https://api.upstox.com:443 "GET /v2/market/holidays/2025-01-08 HTTP/1.1" 200 None
2025-01-08 16:24:02,848 - INFO - Regular market hours check - Is Open: False
2025-01-08 16:24:02,848 - INFO - Market open status: False
2025-01-08 16:24:02,848 - INFO - Market is closed at 2025-01-08 16:24:02.848678+05:30. Waiting for next check.
2025-01-08 16:24:03,962 - DEBUG - Running job Job(interval=1, unit=seconds, do=fetch_and_insert_data, args=(), kwargs={})
2025-01-08 16:24:03,962 - INFO - Checking market status for date: 2025-01-08, time: 16:24:03
2025-01-08 16:24:03,964 - DEBUG - Starting new HTTPS connection (1): api.upstox.com:443
2025-01-08 16:24:04,931 - DEBUG - https://api.upstox.com:443 "GET /v2/market/holidays/2025-01-08 HTTP/1.1" 200 None
2025-01-08 16:24:04,933 - INFO - Regular market hours check - Is Open: False
2025-01-08 16:24:04,933 - INFO - Market open status: False
2025-01-08 16:24:04,933 - INFO - Market is closed at 2025-01-08 16:24:04.933773+05:30. Waiting for next check.
2025-01-08 16:24:05,967 - DEBUG - Running job Job(interval=1, unit=seconds, do=fetch_and_insert_data, args=(), kwargs={})
2025-01-08 16:24:05,967 - INFO - Checking market status for date: 2025-01-08, time: 16:24:05
2025-01-08 16:24:05,968 - DEBUG - Starting new HTTPS connection (1): api.upstox.com:443
2025-01-08 16:24:07,323 - DEBUG - https://api.upstox.com:443 "GET /v2/market/holidays/2025-01-08 HTTP/1.1" 200 None
2025-01-08 16:24:07,329 - INFO - Regular market hours check - Is Open: False
2025-01-08 16:24:07,331 - INFO - Market open status: False
2025-01-08 16:24:07,331 - INFO - Market is closed at 2025-01-08 16:24:07.331062+05:30. Waiting for next check.
2025-01-08 16:24:08,367 - DEBUG - Running job Job(interval=1, unit=seconds, do=fetch_and_insert_data, args=(), kwargs={})
2025-01-08 16:24:08,367 - INFO - Checking market status for date: 2025-01-08, time: 16:24:08
2025-01-08 16:24:08,368 - DEBUG - Starting new HTTPS connection (1): api.upstox.com:443
2025-01-08 16:24:09,728 - DEBUG - https://api.upstox.com:443 "GET /v2/market/holidays/2025-01-08 HTTP/1.1" 200 None
2025-01-08 16:24:10,043 - INFO - Regular market hours check - Is Open: False
2025-01-08 16:24:10,044 - INFO - Market open status: False
2025-01-08 16:24:10,044 - INFO - Market is closed at 2025-01-08 16:24:10.044660+05:30. Waiting for next check.
2025-01-08 16:24:11,085 - DEBUG - Running job Job(interval=1, unit=seconds, do=fetch_and_insert_data, args=(), kwargs={})
2025-01-08 16:24:11,086 - INFO - Checking market status for date: 2025-01-08, time: 16:24:11
2025-01-08 16:24:11,086 - DEBUG - Starting new HTTPS connection (1): api.upstox.com:443
2025-01-08 16:24:11,767 - DEBUG - https://api.upstox.com:443 "GET /v2/market/holidays/2025-01-08 HTTP/1.1" 200 None
2025-01-08 16:24:11,802 - INFO - Regular market hours check - Is Open: False
2025-01-08 16:24:11,803 - INFO - Market open status: False
2025-01-08 16:24:11,803 - INFO - Market is closed at 2025-01-08 16:24:11.803448+05:30. Waiting for next check.
2025-01-08 16:24:12,844 - DEBUG - Running job Job(interval=1, unit=seconds, do=fetch_and_insert_data, args=(), kwargs={})
2025-01-08 16:24:12,844 - INFO - Checking market status for date: 2025-01-08, time: 16:24:12
2025-01-08 16:24:12,845 - DEBUG - Starting new HTTPS connection (1): api.upstox.com:443
2025-01-08 16:24:14,443 - DEBUG - https://api.upstox.com:443 "GET /v2/market/holidays/2025-01-08 HTTP/1.1" 200 None
2025-01-08 16:24:14,444 - INFO - Regular market hours check - Is Open: False
2025-01-08 16:24:14,445 - INFO - Market open status: False
2025-01-08 16:24:14,445 - INFO - Market is closed at 2025-01-08 16:24:14.445338+05:30. Waiting for next check.
2025-01-08 16:24:15,515 - DEBUG - Running job Job(interval=1, unit=seconds, do=fetch_and_insert_data, args=(), kwargs={})
2025-01-08 16:24:15,515 - INFO - Checking market status for date: 2025-01-08, time: 16:24:15
2025-01-08 16:24:15,651 - DEBUG - Starting new HTTPS connection (1): api.upstox.com:443
2025-01-08 16:24:17,087 - DEBUG - https://api.upstox.com:443 "GET /v2/market/holidays/2025-01-08 HTTP/1.1" 200 None
2025-01-08 16:24:17,091 - INFO - Regular market hours check - Is Open: False
2025-01-08 16:24:17,092 - INFO - Market open status: False
2025-01-08 16:24:17,092 - INFO - Market is closed at 2025-01-08 16:24:17.092459+05:30. Waiting for next check.
2025-01-08 16:24:18,201 - DEBUG - Running job Job(interval=1, unit=seconds, do=fetch_and_insert_data, args=(), kwargs={})
2025-01-08 16:24:18,202 - INFO - Checking market status for date: 2025-01-08, time: 16:24:18
2025-01-08 16:24:18,204 - DEBUG - Starting new HTTPS connection (1): api.upstox.com:443
2025-01-08 16:24:18,925 - DEBUG - https://api.upstox.com:443 "GET /v2/market/holidays/2025-01-08 HTTP/1.1" 200 None
2025-01-08 16:24:18,928 - INFO - Regular market hours check - Is Open: False
2025-01-08 16:24:18,928 - INFO - Market open status: False
2025-01-08 16:24:18,929 - INFO - Market is closed at 2025-01-08 16:24:18.928835+05:30. Waiting for next check.
2025-01-08 16:24:20,044 - DEBUG - Running job Job(interval=1, unit=seconds, do=fetch_and_insert_data, args=(), kwargs={})
2025-01-08 16:24:20,045 - INFO - Checking market status for date: 2025-01-08, time: 16:24:20
2025-01-08 16:24:20,045 - DEBUG - Starting new HTTPS connection (1): api.upstox.com:443
2025-01-08 16:24:20,931 - DEBUG - https://api.upstox.com:443 "GET /v2/market/holidays/2025-01-08 HTTP/1.1" 200 None
2025-01-08 16:24:21,085 - INFO - Regular market hours check - Is Open: False
2025-01-08 16:24:21,085 - INFO - Market open status: False
2025-01-08 16:24:21,085 - INFO - Market is closed at 2025-01-08 16:24:21.085819+05:30. Waiting for next check.
2025-01-08 16:24:22,128 - DEBUG - Running job Job(interval=1, unit=seconds, do=fetch_and_insert_data, args=(), kwargs={})
2025-01-08 16:24:22,129 - INFO - Checking market status for date: 2025-01-08, time: 16:24:22
2025-01-08 16:24:22,207 - DEBUG - Starting new HTTPS connection (1): api.upstox.com:443
2025-01-08 16:24:23,487 - DEBUG - https://api.upstox.com:443 "GET /v2/market/holidays/2025-01-08 HTTP/1.1" 200 None
2025-01-08 16:24:23,488 - INFO - Regular market hours check - Is Open: False
2025-01-08 16:24:23,489 - INFO - Market open status: False
2025-01-08 16:24:23,489 - INFO - Market is closed at 2025-01-08 16:24:23.489365+05:30. Waiting for next check.
2025-01-08 16:24:24,603 - DEBUG - Running job Job(interval=1, unit=seconds, do=fetch_and_insert_data, args=(), kwargs={})
2025-01-08 16:24:24,603 - INFO - Checking market status for date: 2025-01-08, time: 16:24:24
2025-01-08 16:24:24,607 - DEBUG - Starting new HTTPS connection (1): api.upstox.com:443
2025-01-08 16:24:25,728 - DEBUG - https://api.upstox.com:443 "GET /v2/market/holidays/2025-01-08 HTTP/1.1" 200 None
2025-01-08 16:24:25,803 - INFO - Regular market hours check - Is Open: False
2025-01-08 16:24:25,804 - INFO - Market open status: False
2025-01-08 16:24:25,805 - INFO - Market is closed at 2025-01-08 16:24:25.805018+05:30. Waiting for next check.
2025-01-08 16:24:26,848 - DEBUG - Running job Job(interval=1, unit=seconds, do=fetch_and_insert_data, args=(), kwargs={})
2025-01-08 16:24:26,849 - INFO - Checking market status for date: 2025-01-08, time: 16:24:26
2025-01-08 16:24:26,849 - DEBUG - Starting new HTTPS connection (1): api.upstox.com:443
2025-01-08 16:24:27,723 - DEBUG - https://api.upstox.com:443 "GET /v2/market/holidays/2025-01-08 HTTP/1.1" 200 None
2025-01-08 16:24:28,001 - INFO - Regular market hours check - Is Open: False
2025-01-08 16:24:28,204 - INFO - Market open status: False
2025-01-08 16:24:28,204 - INFO - Market is closed at 2025-01-08 16:24:28.204162+05:30. Waiting for next check.
2025-01-08 16:24:29,324 - DEBUG - Running job Job(interval=1, unit=seconds, do=fetch_and_insert_data, args=(), kwargs={})
2025-01-08 16:24:29,325 - INFO - Checking market status for date: 2025-01-08, time: 16:24:29
2025-01-08 16:24:29,325 - DEBUG - Starting new HTTPS connection (1): api.upstox.com:443
2025-01-08 16:24:30,446 - DEBUG - https://api.upstox.com:443 "GET /v2/market/holidays/2025-01-08 HTTP/1.1" 200 None
2025-01-08 16:24:30,449 - INFO - Regular market hours check - Is Open: False
2025-01-08 16:24:30,451 - INFO - Market open status: False
2025-01-08 16:24:30,451 - INFO - Market is closed at 2025-01-08 16:24:30.451776+05:30. Waiting for next check.
2025-01-08 16:24:31,484 - DEBUG - Running job Job(interval=1, unit=seconds, do=fetch_and_insert_data, args=(), kwargs={})
2025-01-08 16:24:31,484 - INFO - Checking market status for date: 2025-01-08, time: 16:24:31
2025-01-08 16:24:31,485 - DEBUG - Starting new HTTPS connection (1): api.upstox.com:443
2025-01-08 16:24:32,843 - DEBUG - https://api.upstox.com:443 "GET /v2/market/holidays/2025-01-08 HTTP/1.1" 200 None
2025-01-08 16:24:32,844 - INFO - Regular market hours check - Is Open: False
2025-01-08 16:24:32,845 - INFO - Market open status: False
2025-01-08 16:24:32,845 - INFO - Market is closed at 2025-01-08 16:24:32.845315+05:30. Waiting for next check.
2025-01-08 16:24:33,962 - DEBUG - Running job Job(interval=1, unit=seconds, do=fetch_and_insert_data, args=(), kwargs={})
2025-01-08 16:24:33,963 - INFO - Checking market status for date: 2025-01-08, time: 16:24:33
2025-01-08 16:24:33,963 - DEBUG - Starting new HTTPS connection (1): api.upstox.com:443
2025-01-08 16:24:34,922 - DEBUG - https://api.upstox.com:443 "GET /v2/market/holidays/2025-01-08 HTTP/1.1" 200 None
2025-01-08 16:24:34,925 - INFO - Regular market hours check - Is Open: False
2025-01-08 16:24:34,925 - INFO - Market open status: False
2025-01-08 16:24:34,926 - INFO - Market is closed at 2025-01-08 16:24:34.926027+05:30. Waiting for next check.
2025-01-08 16:24:35,963 - DEBUG - Running job Job(interval=1, unit=seconds, do=fetch_and_insert_data, args=(), kwargs={})
2025-01-08 16:24:35,964 - INFO - Checking market status for date: 2025-01-08, time: 16:24:35
2025-01-08 16:24:35,964 - DEBUG - Starting new HTTPS connection (1): api.upstox.com:443
2025-01-08 16:24:37,085 - DEBUG - https://api.upstox.com:443 "GET /v2/market/holidays/2025-01-08 HTTP/1.1" 200 None
2025-01-08 16:24:37,086 - INFO - Regular market hours check - Is Open: False
2025-01-08 16:24:37,087 - INFO - Market open status: False
2025-01-08 16:24:37,087 - INFO - Market is closed at 2025-01-08 16:24:37.087173+05:30. Waiting for next check.
2025-01-08 16:24:38,203 - DEBUG - Running job Job(interval=1, unit=seconds, do=fetch_and_insert_data, args=(), kwargs={})
2025-01-08 16:24:38,203 - INFO - Checking market status for date: 2025-01-08, time: 16:24:38
2025-01-08 16:24:38,204 - DEBUG - Starting new HTTPS connection (1): api.upstox.com:443
2025-01-08 16:24:39,402 - DEBUG - https://api.upstox.com:443 "GET /v2/market/holidays/2025-01-08 HTTP/1.1" 200 None
2025-01-08 16:24:39,405 - INFO - Regular market hours check - Is Open: False
2025-01-08 16:24:39,406 - INFO - Market open status: False
2025-01-08 16:24:39,406 - INFO - Market is closed at 2025-01-08 16:24:39.406660+05:30. Waiting for next check.
2025-01-08 16:24:40,522 - DEBUG - Running job Job(interval=1, unit=seconds, do=fetch_and_insert_data, args=(), kwargs={})
2025-01-08 16:24:40,522 - INFO - Checking market status for date: 2025-01-08, time: 16:24:40
2025-01-08 16:24:40,523 - DEBUG - Starting new HTTPS connection (1): api.upstox.com:443
2025-01-08 16:24:41,975 - DEBUG - https://api.upstox.com:443 "GET /v2/market/holidays/2025-01-08 HTTP/1.1" 200 None
2025-01-08 16:24:42,445 - INFO - Regular market hours check - Is Open: False
2025-01-08 16:24:42,445 - INFO - Market open status: False
2025-01-08 16:24:42,445 - INFO - Market is closed at 2025-01-08 16:24:42.445759+05:30. Waiting for next check.
2025-01-08 16:24:43,448 - DEBUG - Running job Job(interval=1, unit=seconds, do=fetch_and_insert_data, args=(), kwargs={})
2025-01-08 16:24:43,448 - INFO - Checking market status for date: 2025-01-08, time: 16:24:43
2025-01-08 16:24:43,449 - DEBUG - Starting new HTTPS connection (1): api.upstox.com:443
2025-01-08 16:24:44,378 - DEBUG - https://api.upstox.com:443 "GET /v2/market/holidays/2025-01-08 HTTP/1.1" 200 None
2025-01-08 16:24:44,608 - INFO - Regular market hours check - Is Open: False
2025-01-08 16:24:44,608 - INFO - Market open status: False
2025-01-08 16:24:44,609 - INFO - Market is closed at 2025-01-08 16:24:44.609882+05:30. Waiting for next check.
2025-01-08 16:24:45,642 - DEBUG - Running job Job(interval=1, unit=seconds, do=fetch_and_insert_data, args=(), kwargs={})
2025-01-08 16:24:45,642 - INFO - Checking market status for date: 2025-01-08, time: 16:24:45
2025-01-08 16:24:45,643 - DEBUG - Starting new HTTPS connection (1): api.upstox.com:443
2025-01-08 16:24:46,282 - DEBUG - https://api.upstox.com:443 "GET /v2/market/holidays/2025-01-08 HTTP/1.1" 200 None
2025-01-08 16:24:46,284 - INFO - Regular market hours check - Is Open: False
2025-01-08 16:24:46,285 - INFO - Market open status: False
2025-01-08 16:24:46,285 - INFO - Market is closed at 2025-01-08 16:24:46.285104+05:30. Waiting for next check.
2025-01-08 16:24:47,402 - DEBUG - Running job Job(interval=1, unit=seconds, do=fetch_and_insert_data, args=(), kwargs={})
2025-01-08 16:24:47,402 - INFO - Checking market status for date: 2025-01-08, time: 16:24:47
2025-01-08 16:24:47,403 - DEBUG - Starting new HTTPS connection (1): api.upstox.com:443
2025-01-08 16:24:48,944 - DEBUG - https://api.upstox.com:443 "GET /v2/market/holidays/2025-01-08 HTTP/1.1" 200 None
2025-01-08 16:24:48,946 - INFO - Regular market hours check - Is Open: False
2025-01-08 16:24:48,946 - INFO - Market open status: False
2025-01-08 16:24:48,946 - INFO - Market is closed at 2025-01-08 16:24:48.946702+05:30. Waiting for next check.
2025-01-08 16:24:50,123 - DEBUG - Running job Job(interval=1, unit=seconds, do=fetch_and_insert_data, args=(), kwargs={})
2025-01-08 16:24:50,123 - INFO - Checking market status for date: 2025-01-08, time: 16:24:50
2025-01-08 16:24:50,123 - DEBUG - Starting new HTTPS connection (1): api.upstox.com:443
2025-01-08 16:24:51,405 - DEBUG - https://api.upstox.com:443 "GET /v2/market/holidays/2025-01-08 HTTP/1.1" 200 None
2025-01-08 16:24:51,484 - INFO - Regular market hours check - Is Open: False
2025-01-08 16:24:51,485 - INFO - Market open status: False
2025-01-08 16:24:51,485 - INFO - Market is closed at 2025-01-08 16:24:51.485342+05:30. Waiting for next check.
2025-01-08 16:24:52,602 - DEBUG - Running job Job(interval=1, unit=seconds, do=fetch_and_insert_data, args=(), kwargs={})
2025-01-08 16:24:52,602 - INFO - Checking market status for date: 2025-01-08, time: 16:24:52
2025-01-08 16:24:52,603 - DEBUG - Starting new HTTPS connection (1): api.upstox.com:443
