2024-12-30 13:22:45,401 - INFO - [root] - Today is Monday - Weekday
2024-12-30 13:22:45,401 - INFO - [root] - === Script Runner Started ===
2024-12-30 13:22:45,401 - INFO - [root] - Current day: Monday (Weekday)
2024-12-30 13:22:45,402 - INFO - [root] - Current time: 13:22:45
2024-12-30 13:22:45,403 - INFO - [root] - Currently in trading hours (09:00-15:30)
2024-12-30 13:22:45,405 - INFO - [root] - Scheduled tasks for weekdays at 09:00
2024-12-30 13:22:45,405 - INFO - [root] - Current time 13:22 is within trading hours. Starting immediate execution...
2024-12-30 13:22:45,405 - INFO - [root] - Running task sequence on Monday
2024-12-30 13:22:45,406 - INFO - [root] - [TASK] Starting logout script...
2024-12-30 13:22:45,406 - INFO - [root] - [START] Running script: E:\algo_project\OptionAnalysis\dashboard\upstox\logout.py
2024-12-30 13:22:52,527 - INFO - [root] - Today is Monday - Weekday
2024-12-30 13:22:52,528 - INFO - [root] - === Script Runner Started ===
2024-12-30 13:22:52,528 - INFO - [root] - Current day: Monday (Weekday)
2024-12-30 13:22:52,528 - INFO - [root] - Current time: 13:22:52
2024-12-30 13:22:52,528 - INFO - [root] - Currently in trading hours (09:00-15:30)
2024-12-30 13:22:52,529 - INFO - [root] - Scheduled tasks for weekdays at 09:00
2024-12-30 13:22:52,529 - INFO - [root] - Current time 13:22 is within trading hours. Starting immediate execution...
2024-12-30 13:22:52,529 - INFO - [root] - Running task sequence on Monday
2024-12-30 13:22:52,530 - INFO - [root] - [TASK] Starting logout script...
2024-12-30 13:22:52,530 - INFO - [root] - [START] Running script: E:\algo_project\OptionAnalysis\dashboard\upstox\logout.py
2024-12-30 13:23:03,545 - DEBUG - [root] - Script output:
Loaded token: eyJ0eXAiOiJKV1QiLCJrZXlfaWQiOiJza192MS4wIiwiYWxnIjoiSFMyNTYifQ.eyJzdWIiOiI3RUFIQkoiLCJqdGkiOiI2NzUxMjJmZTZhZTAzYzQ3YmE0ODVmYjMiLCJpc011bHRpQ2xpZW50IjpmYWxzZSwiaWF0IjoxNzMzMzcwNjIyLCJpc3MiOiJ1ZGFwaS1nYXRld2F5LXNlcnZpY2UiLCJleHAiOjE3MzM0MzYwMDB9.mWT-LVZ_abUj_t_UWPr7xf2cxN19XNoc-Qh3JXlgtIk
Loaded token: eyJ0eXAiOiJKV1QiLCJrZXlfaWQiOiJza192MS4wIiwiYWxnIjoiSFMyNTYifQ.eyJzdWIiOiI3RUFIQkoiLCJqdGkiOiI2NzUxMjJlZjZhZTAzYzQ3YmE0ODVmYWQiLCJpc011bHRpQ2xpZW50IjpmYWxzZSwiaWF0IjoxNzMzMzcwNjA3LCJpc3MiOiJ1ZGFwaS1nYXRld2F5LXNlcnZpY2UiLCJleHAiOjE3MzM0MzYwMDB9.C3dggAIF8G0I63HNwDcLsknmT5ZhXARna0bGZrsoT30
Loaded token: eyJ0eXAiOiJKV1QiLCJrZXlfaWQiOiJza192MS4wIiwiYWxnIjoiSFMyNTYifQ.eyJzdWIiOiI3RUFIQkoiLCJqdGkiOiI2NzUxMjMwZjExYzk4MDcwZGM4MGExMTMiLCJpc011bHRpQ2xpZW50IjpmYWxzZSwiaWF0IjoxNzMzMzcwNjM5LCJpc3MiOiJ1ZGFwaS1nYXRld2F5LXNlcnZpY2UiLCJleHAiOjE3MzM0MzYwMDB9.xxMuwq6BRuCJA543snYB-y1d0WNNRVquwpP1uMJIFrg
Exception when calling LoginApi->logout: (401)
Reason: Unauthorized
HTTP response headers: HTTPHeaderDict({'Date': 'Mon, 30 Dec 2024 07:53:15 GMT', 'Content-Type': 'application/json', 'Transfer-Encoding': 'chunked', 'Connection': 'keep-alive', 'x-content-type-options': 'nosniff', 'x-xss-protection': '1; mode=block', 'pragma': 'no-cache', 'strict-transport-security': 'max-age=0; includeSubDomains', 'x-frame-options': 'DENY', 'Cache-Control': 'must-revalidate,no-cache,no-store', 'vary': 'Origin, Access-Control-Request-Method, Access-Control-Request-Headers', 'message': 'request failed', 'CF-Cache-Status': 'DYNAMIC', 'Set-Cookie': '__cf_bm=YMj73oe8NZ0cpl2icHS7o6YiTD3_9VVufn0UMOa9O8s-1735545195-1.0.1.1-ueN_VnVp03ZYKaB1FiDZTJHjxIOZIViUT3v4ycgNCv.CRZDhhSIYLeSMNHgv8RSR; path=/; expires=Mon, 30-Dec-24 08:23:15 GMT; domain=.upstox.com; HttpOnly; Secure; SameSite=None, _cfuvid=4QgFxbqLkmMj7p1kvLV7iFzR38aqg_Vu_vef26imIno-1735545195119-0.0.1.1-604800000; path=/; domain=.upstox.com; HttpOnly; Secure; SameSite=None', 'Server': 'cloudflare', 'CF-RAY': '8fa0747d3d34a7ee-DEL', 'alt-svc': 'h3=":443"; ma=86400'})
HTTP response body: b'{"status":"error","errors":[{"errorCode":"UDAPI100050","message":"Invalid token used to access API","propertyPath":null,"invalidValue":null,"error_code":"UDAPI100050","property_path":null,"invalid_value":null}]}'

Access token file 'E:\algo_project\OptionAnalysis\dashboard\upstox\api/token\accessToken_his.txt' has been deleted.
Exception when calling LoginApi->logout: (401)
Reason: Unauthorized
HTTP response headers: HTTPHeaderDict({'Date': 'Mon, 30 Dec 2024 07:53:15 GMT', 'Content-Type': 'application/json', 'Transfer-Encoding': 'chunked', 'Connection': 'keep-alive', 'x-content-type-options': 'nosniff', 'x-xss-protection': '1; mode=block', 'pragma': 'no-cache', 'strict-transport-security': 'max-age=0; includeSubDomains', 'x-frame-options': 'DENY', 'Cache-Control': 'must-revalidate,no-cache,no-store', 'vary': 'Origin, Access-Control-Request-Method, Access-Control-Request-Headers', 'message': 'request failed', 'CF-Cache-Status': 'DYNAMIC', 'Set-Cookie': '__cf_bm=TGAYSte5qp3gQ2z93fKMcY1UIDLGh2qmGskSXfjgny4-1735545195-1.0.1.1-uHGYgPtcjQcYJZnVw2wlzg9vsRPrfDCHVrrSpb99z2pTMyKKCFBkN_fN6YB1y6J_; path=/; expires=Mon, 30-Dec-24 08:23:15 GMT; domain=.upstox.com; HttpOnly; Secure; SameSite=None, _cfuvid=Vl6WdITtYiYNuWSP6piuQPP542gFEh8mUIZgP5mZcMc-1735545195716-0.0.1.1-604800000; path=/; domain=.upstox.com; HttpOnly; Secure; SameSite=None', 'Server': 'cloudflare', 'CF-RAY': '8fa07480efa3a794-DEL', 'alt-svc': 'h3=":443"; ma=86400'})
HTTP response body: b'{"status":"error","errors":[{"errorCode":"UDAPI100050","message":"Invalid token used to access API","propertyPath":null,"invalidValue":null,"error_code":"UDAPI100050","property_path":null,"invalid_value":null}]}'

Access token file 'E:\algo_project\OptionAnalysis\dashboard\upstox\api/token\accessToken_OC.txt' has been deleted.
Exception when calling LoginApi->logout: (401)
Reason: Unauthorized
HTTP response headers: HTTPHeaderDict({'Date': 'Mon, 30 Dec 2024 07:53:16 GMT', 'Content-Type': 'application/json', 'Transfer-Encoding': 'chunked', 'Connection': 'keep-alive', 'x-content-type-options': 'nosniff', 'x-xss-protection': '1; mode=block', 'pragma': 'no-cache', 'strict-transport-security': 'max-age=0; includeSubDomains', 'x-frame-options': 'DENY', 'Cache-Control': 'must-revalidate,no-cache,no-store', 'vary': 'Origin, Access-Control-Request-Method, Access-Control-Request-Headers', 'message': 'request failed', 'CF-Cache-Status': 'DYNAMIC', 'Set-Cookie': '__cf_bm=UcLAlRIP01TslPLe5LSoxLBbxmvHzYvQ..uAmxMaNh0-1735545196-1.0.1.1-k2Wl27s6G1oDwc9whksXyY8XF0AiG9Kxy93kuq22e0vrh4QTATiEva6d23k7sUFi; path=/; expires=Mon, 30-Dec-24 08:23:16 GMT; domain=.upstox.com; HttpOnly; Secure; SameSite=None, _cfuvid=q.RN7P6Y.b28kfAtLDISQ7jFPHQB8c9rr8TccP3_TeM-1735545196400-0.0.1.1-604800000; path=/; domain=.upstox.com; HttpOnly; Secure; SameSite=None', 'Server': 'cloudflare', 'CF-RAY': '8fa074851fbaa804-DEL', 'alt-svc': 'h3=":443"; ma=86400'})
HTTP response body: b'{"status":"error","errors":[{"errorCode":"UDAPI100050","message":"Invalid token used to access API","propertyPath":null,"invalidValue":null,"error_code":"UDAPI100050","property_path":null,"invalid_value":null}]}'

Access token file 'E:\algo_project\OptionAnalysis\dashboard\upstox\api/token\accessToken_order.txt' has been deleted.

2024-12-30 13:23:03,545 - INFO - [root] - [END] Script E:\algo_project\OptionAnalysis\dashboard\upstox\logout.py completed with status: SUCCESS
2024-12-30 13:23:08,547 - INFO - [root] - [TASK] Starting login script...
2024-12-30 13:23:08,547 - INFO - [root] - [START] Running script: E:\algo_project\OptionAnalysis\dashboard\upstox\login-dash.py
2024-12-30 13:24:51,796 - DEBUG - [root] - Script output:
Downloading nse instrument data...
Extracted E:\algo_project\OptionAnalysis\dashboard\upstox\api/instrument/nse.json.gz to E:\algo_project\OptionAnalysis\dashboard\upstox\api/instrument/nse.json
Downloading bse instrument data...
Extracted E:\algo_project\OptionAnalysis\dashboard\upstox\api/instrument/bse.json.gz to E:\algo_project\OptionAnalysis\dashboard\upstox\api/instrument/bse.json
Downloading mcx instrument data...
Extracted E:\algo_project\OptionAnalysis\dashboard\upstox\api/instrument/mcx.json.gz to E:\algo_project\OptionAnalysis\dashboard\upstox\api/instrument/mcx.json
Downloading complete instrument data...
Extracted E:\algo_project\OptionAnalysis\dashboard\upstox\api/instrument/complete.json.gz to E:\algo_project\OptionAnalysis\dashboard\upstox\api/instrument/complete.json
Downloading suspended instrument data...
Extracted E:\algo_project\OptionAnalysis\dashboard\upstox\api/instrument/suspended.json.gz to E:\algo_project\OptionAnalysis\dashboard\upstox\api/instrument/suspended.json

2024-12-30 13:24:51,797 - INFO - [root] - [END] Script E:\algo_project\OptionAnalysis\dashboard\upstox\login-dash.py completed with status: SUCCESS
2024-12-30 13:24:56,798 - INFO - [root] - [TASK] Starting option chain scripts concurrently...
2024-12-30 13:24:56,798 - INFO - [root] - [START] Starting script concurrently: E:\algo_project\OptionAnalysis\dashboard\upstox\historic_optionChain_Bankex.py
2024-12-30 13:24:56,871 - INFO - [root] - [START] Starting script concurrently: E:\algo_project\OptionAnalysis\dashboard\upstox\historic_optionChain_BankNifty.py
2024-12-30 13:24:56,881 - INFO - [root] - [START] Starting script concurrently: E:\algo_project\OptionAnalysis\dashboard\upstox\historic_optionChain_FinNifty.py
2024-12-30 13:24:56,891 - INFO - [root] - [START] Starting script concurrently: E:\algo_project\OptionAnalysis\dashboard\upstox\historic_optionChain_Nifty50.py
2024-12-30 13:24:56,902 - INFO - [root] - [START] Starting script concurrently: E:\algo_project\OptionAnalysis\dashboard\upstox\historic_optionChain_NiftyMidcpSelect.py
2024-12-30 13:24:56,914 - INFO - [root] - [START] Starting script concurrently: E:\algo_project\OptionAnalysis\dashboard\upstox\historic_optionChain_NiftyNXT50.py
2024-12-30 13:24:56,927 - INFO - [root] - [START] Starting script concurrently: E:\algo_project\OptionAnalysis\dashboard\upstox\historic_optionChain_Sensex.py
2024-12-30 13:28:45,610 - INFO - [root] - Today is Monday - Weekday
2024-12-30 13:28:45,610 - INFO - [root] - === Script Runner Started ===
2024-12-30 13:28:45,610 - INFO - [root] - Current day: Monday (Weekday)
2024-12-30 13:28:45,611 - INFO - [root] - Current time: 13:28:45
2024-12-30 13:28:45,611 - INFO - [root] - Running in schedule mode
2024-12-30 13:28:45,611 - INFO - [root] - Currently in trading hours (09:00-15:30)
2024-12-30 13:28:45,611 - INFO - [root] - Scheduled tasks for weekdays at 09:00
2024-12-30 13:28:45,611 - INFO - [root] - Current time 13:28 is within trading hours. Starting immediate execution...
2024-12-30 13:28:45,613 - INFO - [root] - Running task sequence on Monday
2024-12-30 13:28:45,613 - INFO - [root] - [TASK] Starting logout script...
2024-12-30 13:28:45,613 - INFO - [root] - [START] Running script: E:\algo_project\OptionAnalysis\dashboard\upstox\logout.py
2024-12-30 13:28:56,330 - DEBUG - [root] - Script output:
Loaded token: eyJ0eXAiOiJKV1QiLCJrZXlfaWQiOiJza192MS4wIiwiYWxnIjoiSFMyNTYifQ.eyJzdWIiOiI3RUFIQkoiLCJqdGkiOiI2NzcyNTFhNTBlMmMyNjdhYTkzMmE4ZGUiLCJpc011bHRpQ2xpZW50IjpmYWxzZSwiaWF0IjoxNzM1NTQ1MjUzLCJpc3MiOiJ1ZGFwaS1nYXRld2F5LXNlcnZpY2UiLCJleHAiOjE3MzU1OTYwMDB9.Uqibeln7SaKueOClJlpelScGzCjXPUz660xks0hD0ys
Loaded token: eyJ0eXAiOiJKV1QiLCJrZXlfaWQiOiJza192MS4wIiwiYWxnIjoiSFMyNTYifQ.eyJzdWIiOiI3RUFIQkoiLCJqdGkiOiI2NzcyNTE5NDliMDVkODM0MDNiZGI2ZTMiLCJpc011bHRpQ2xpZW50IjpmYWxzZSwiaWF0IjoxNzM1NTQ1MjM2LCJpc3MiOiJ1ZGFwaS1nYXRld2F5LXNlcnZpY2UiLCJleHAiOjE3MzU1OTYwMDB9.b20zeP1ck4nQV98vEZNnaL0p3RoZqwv8Yqgghs13xR4
Loaded token: eyJ0eXAiOiJKV1QiLCJrZXlfaWQiOiJza192MS4wIiwiYWxnIjoiSFMyNTYifQ.eyJzdWIiOiI3RUFIQkoiLCJqdGkiOiI2NzcyNTFiNzBlMmMyNjdhYTkzMmE4ZGYiLCJpc011bHRpQ2xpZW50IjpmYWxzZSwiaWF0IjoxNzM1NTQ1MjcxLCJpc3MiOiJ1ZGFwaS1nYXRld2F5LXNlcnZpY2UiLCJleHAiOjE3MzU1OTYwMDB9.pEh02TmHhiPPj_sMcpz4tpizWlBc66uybfMAfZu300Q
🔓 LOGOUT SUCCESSFULLY
Access token file 'E:\algo_project\OptionAnalysis\dashboard\upstox\api/token\accessToken_his.txt' has been deleted.
🔓 LOGOUT SUCCESSFULLY
Access token file 'E:\algo_project\OptionAnalysis\dashboard\upstox\api/token\accessToken_OC.txt' has been deleted.
🔓 LOGOUT SUCCESSFULLY
Access token file 'E:\algo_project\OptionAnalysis\dashboard\upstox\api/token\accessToken_order.txt' has been deleted.

2024-12-30 13:28:56,331 - INFO - [root] - [END] Script E:\algo_project\OptionAnalysis\dashboard\upstox\logout.py completed with status: SUCCESS
2024-12-30 13:29:01,332 - INFO - [root] - [TASK] Starting login script...
2024-12-30 13:29:01,332 - INFO - [root] - [START] Running script: E:\algo_project\OptionAnalysis\dashboard\upstox\login-dash.py
2024-12-30 13:33:28,943 - DEBUG - [root] - Script output:
Login error: Message: 
Stacktrace:
	GetHandleVerifier [0x00007FF7CB7BFB05+28789]
	(No symbol) [0x00007FF7CB7286E0]
	(No symbol) [0x00007FF7CB5C592A]
	(No symbol) [0x00007FF7CB61930E]
	(No symbol) [0x00007FF7CB6195FC]
	(No symbol) [0x00007FF7CB6628A7]
	(No symbol) [0x00007FF7CB63F47F]
	(No symbol) [0x00007FF7CB65F654]
	(No symbol) [0x00007FF7CB63F1E3]
	(No symbol) [0x00007FF7CB60A938]
	(No symbol) [0x00007FF7CB60BAA1]
	GetHandleVerifier [0x00007FF7CBAF933D+3410093]
	GetHandleVerifier [0x00007FF7CBB0E7DD+3497293]
	GetHandleVerifier [0x00007FF7CBB02A73+3448803]
	GetHandleVerifier [0x00007FF7CB887BBB+848171]
	(No symbol) [0x00007FF7CB733C3F]
	(No symbol) [0x00007FF7CB72F6E4]
	(No symbol) [0x00007FF7CB72F87D]
	(No symbol) [0x00007FF7CB71ED49]
	BaseThreadInitThunk [0x00007FF99686DBE7+23]
	RtlUserThreadStart [0x00007FF997F9FBEC+44]

Downloading nse instrument data...
Extracted E:\algo_project\OptionAnalysis\dashboard\upstox\api/instrument/nse.json.gz to E:\algo_project\OptionAnalysis\dashboard\upstox\api/instrument/nse.json
Downloading bse instrument data...
Extracted E:\algo_project\OptionAnalysis\dashboard\upstox\api/instrument/bse.json.gz to E:\algo_project\OptionAnalysis\dashboard\upstox\api/instrument/bse.json
Downloading mcx instrument data...
Extracted E:\algo_project\OptionAnalysis\dashboard\upstox\api/instrument/mcx.json.gz to E:\algo_project\OptionAnalysis\dashboard\upstox\api/instrument/mcx.json
Downloading complete instrument data...
Extracted E:\algo_project\OptionAnalysis\dashboard\upstox\api/instrument/complete.json.gz to E:\algo_project\OptionAnalysis\dashboard\upstox\api/instrument/complete.json
Downloading suspended instrument data...
Extracted E:\algo_project\OptionAnalysis\dashboard\upstox\api/instrument/suspended.json.gz to E:\algo_project\OptionAnalysis\dashboard\upstox\api/instrument/suspended.json

2024-12-30 13:33:28,949 - INFO - [root] - [END] Script E:\algo_project\OptionAnalysis\dashboard\upstox\login-dash.py completed with status: SUCCESS
2024-12-30 13:33:33,950 - INFO - [root] - [TASK] Starting option chain scripts concurrently...
2024-12-30 13:33:33,951 - INFO - [root] - [START] Starting script concurrently: E:\algo_project\OptionAnalysis\dashboard\upstox\historic_optionChain_Bankex.py
2024-12-30 13:33:34,008 - INFO - [root] - [START] Starting script concurrently: E:\algo_project\OptionAnalysis\dashboard\upstox\historic_optionChain_BankNifty.py
2024-12-30 13:33:34,025 - INFO - [root] - [START] Starting script concurrently: E:\algo_project\OptionAnalysis\dashboard\upstox\historic_optionChain_FinNifty.py
2024-12-30 13:33:34,040 - INFO - [root] - [START] Starting script concurrently: E:\algo_project\OptionAnalysis\dashboard\upstox\historic_optionChain_Nifty50.py
2024-12-30 13:33:34,058 - INFO - [root] - [START] Starting script concurrently: E:\algo_project\OptionAnalysis\dashboard\upstox\historic_optionChain_NiftyMidcpSelect.py
2024-12-30 13:33:34,080 - INFO - [root] - [START] Starting script concurrently: E:\algo_project\OptionAnalysis\dashboard\upstox\historic_optionChain_NiftyNXT50.py
2024-12-30 13:33:34,092 - INFO - [root] - [START] Starting script concurrently: E:\algo_project\OptionAnalysis\dashboard\upstox\historic_optionChain_Sensex.py
2024-12-30 13:36:17,829 - INFO - [root] - Today is Monday - Weekday
2024-12-30 13:36:17,829 - INFO - [root] - === Script Runner Started ===
2024-12-30 13:36:17,830 - INFO - [root] - Current day: Monday (Weekday)
2024-12-30 13:36:17,830 - INFO - [root] - Current time: 13:36:17
2024-12-30 13:36:17,830 - INFO - [root] - Running in schedule mode
2024-12-30 13:36:17,830 - INFO - [root] - Currently in trading hours (09:00-15:30)
2024-12-30 13:36:17,831 - INFO - [root] - Scheduled tasks for weekdays at 09:00
2024-12-30 13:36:17,831 - INFO - [root] - Current time 13:36 is within trading hours. Starting immediate execution...
2024-12-30 13:36:17,831 - INFO - [root] - Running task sequence on Monday
2024-12-30 13:36:17,832 - INFO - [root] - [TASK] Starting logout script...
2024-12-30 13:36:17,832 - INFO - [root] - [START] Running script: E:\algo_project\OptionAnalysis\dashboard\upstox\logout.py
2024-12-30 13:36:22,915 - DEBUG - [root] - Script output:
Loaded token: eyJ0eXAiOiJKV1QiLCJrZXlfaWQiOiJza192MS4wIiwiYWxnIjoiSFMyNTYifQ.eyJzdWIiOiI3RUFIQkoiLCJqdGkiOiI2NzcyNTMwMzc0Mzk4ZDE2MTdmYzUwODkiLCJpc011bHRpQ2xpZW50IjpmYWxzZSwiaWF0IjoxNzM1NTQ1NjAzLCJpc3MiOiJ1ZGFwaS1nYXRld2F5LXNlcnZpY2UiLCJleHAiOjE3MzU1OTYwMDB9.UhV42OZkPQtFpqwukSb1280Gekv1kf7ldaBufDUYTSU
Loaded token: eyJ0eXAiOiJKV1QiLCJrZXlfaWQiOiJza192MS4wIiwiYWxnIjoiSFMyNTYifQ.eyJzdWIiOiI3RUFIQkoiLCJqdGkiOiI2NzcyNTJmMmMwNzFjNjU2Yjk0Mjg0Y2YiLCJpc011bHRpQ2xpZW50IjpmYWxzZSwiaWF0IjoxNzM1NTQ1NTg2LCJpc3MiOiJ1ZGFwaS1nYXRld2F5LXNlcnZpY2UiLCJleHAiOjE3MzU1OTYwMDB9.vkf6HVlpIGE4tMqKioXOC0qq7hBZSJJI0yKcfCkz4j0
🔓 LOGOUT SUCCESSFULLY
Access token file 'E:\algo_project\OptionAnalysis\dashboard\upstox\api/token\accessToken_his.txt' has been deleted.
🔓 LOGOUT SUCCESSFULLY
Access token file 'E:\algo_project\OptionAnalysis\dashboard\upstox\api/token\accessToken_OC.txt' has been deleted.

2024-12-30 13:36:22,916 - INFO - [root] - [END] Script E:\algo_project\OptionAnalysis\dashboard\upstox\logout.py completed with status: SUCCESS
2024-12-30 13:36:27,917 - INFO - [root] - [TASK] Starting login script...
2024-12-30 13:36:27,919 - INFO - [root] - [START] Running script: E:\algo_project\OptionAnalysis\dashboard\upstox\login-dash.py
2024-12-30 13:36:31,231 - INFO - [root] - [END] Script E:\algo_project\OptionAnalysis\dashboard\upstox\login-dash.py completed with status: SUCCESS
2024-12-30 13:36:36,232 - INFO - [root] - [TASK] Starting option chain scripts concurrently...
2024-12-30 13:36:36,232 - INFO - [root] - [START] Starting script concurrently: E:\algo_project\OptionAnalysis\dashboard\upstox\historic_optionChain_Bankex.py
2024-12-30 13:36:36,247 - INFO - [root] - [START] Starting script concurrently: E:\algo_project\OptionAnalysis\dashboard\upstox\historic_optionChain_BankNifty.py
2024-12-30 13:36:36,257 - INFO - [root] - [START] Starting script concurrently: E:\algo_project\OptionAnalysis\dashboard\upstox\historic_optionChain_FinNifty.py
2024-12-30 13:36:36,267 - INFO - [root] - [START] Starting script concurrently: E:\algo_project\OptionAnalysis\dashboard\upstox\historic_optionChain_Nifty50.py
2024-12-30 13:36:36,280 - INFO - [root] - [START] Starting script concurrently: E:\algo_project\OptionAnalysis\dashboard\upstox\historic_optionChain_NiftyMidcpSelect.py
2024-12-30 13:36:36,293 - INFO - [root] - [START] Starting script concurrently: E:\algo_project\OptionAnalysis\dashboard\upstox\historic_optionChain_NiftyNXT50.py
2024-12-30 13:36:36,303 - INFO - [root] - [START] Starting script concurrently: E:\algo_project\OptionAnalysis\dashboard\upstox\historic_optionChain_Sensex.py
2024-12-30 13:46:22,643 - INFO - [root] - Today is Monday - Weekday
2024-12-30 13:46:22,644 - INFO - [root] - === Script Runner Started ===
2024-12-30 13:46:22,644 - INFO - [root] - Current day: Monday (Weekday)
2024-12-30 13:46:22,644 - INFO - [root] - Current time: 13:46:22
2024-12-30 13:46:22,644 - INFO - [root] - Running in schedule mode
2024-12-30 13:46:22,645 - INFO - [root] - Currently in trading hours (09:00-15:30)
2024-12-30 13:46:22,645 - INFO - [root] - Scheduled tasks for weekdays at 09:00
2024-12-30 13:46:22,645 - INFO - [root] - Current time 13:46 is within trading hours. Starting immediate execution...
2024-12-30 13:46:22,645 - INFO - [root] - Running task sequence on Monday
2024-12-30 13:46:22,646 - ERROR - [root] - Missing script files: E:\algo_project\OptionAnalysis\dashboard\upstox\logoutCLICLI.py, E:\algo_project\OptionAnalysis\dashboard\upstox\loginCLICLI.py
2024-12-30 13:46:22,646 - ERROR - [root] - Aborting task sequence due to missing scripts
2024-12-30 13:46:56,400 - INFO - [root] - Today is Monday - Weekday
2024-12-30 13:46:56,401 - INFO - [root] - === Script Runner Started ===
2024-12-30 13:46:56,401 - INFO - [root] - Current day: Monday (Weekday)
2024-12-30 13:46:56,401 - INFO - [root] - Current time: 13:46:56
2024-12-30 13:46:56,401 - INFO - [root] - Running in schedule mode
2024-12-30 13:46:56,402 - INFO - [root] - Currently in trading hours (09:00-15:30)
2024-12-30 13:46:56,402 - INFO - [root] - Scheduled tasks for weekdays at 09:00
2024-12-30 13:46:56,402 - INFO - [root] - Current time 13:46 is within trading hours. Starting immediate execution...
2024-12-30 13:46:56,403 - INFO - [root] - Running task sequence on Monday
2024-12-30 13:46:56,403 - INFO - [root] - [TASK] Starting logoutCLI script...
2024-12-30 13:46:56,403 - INFO - [root] - [START] Running script: E:\algo_project\OptionAnalysis\dashboard\upstox\logoutCLI.py
2024-12-30 13:46:56,907 - DEBUG - [root] - Script output:

Error: Error: No access token files found in the directory.

Script execution completed.

2024-12-30 13:46:56,907 - INFO - [root] - [END] Script E:\algo_project\OptionAnalysis\dashboard\upstox\logoutCLI.py completed with status: SUCCESS
2024-12-30 13:47:01,908 - INFO - [root] - [TASK] Starting loginCLI script...
2024-12-30 13:47:01,909 - INFO - [root] - [START] Running script: E:\algo_project\OptionAnalysis\dashboard\upstox\loginCLI.py
2024-12-30 13:47:57,094 - DEBUG - [root] - Script output:
Access Token saved to api/token/accessToken_his.txt
Access Token saved to api/token/accessToken_oc.txt
Login error: Message: 
Stacktrace:
	GetHandleVerifier [0x00007FF7CB7BFB05+28789]
	(No symbol) [0x00007FF7CB7286E0]
	(No symbol) [0x00007FF7CB5C592A]
	(No symbol) [0x00007FF7CB61930E]
	(No symbol) [0x00007FF7CB6195FC]
	(No symbol) [0x00007FF7CB6628A7]
	(No symbol) [0x00007FF7CB63F47F]
	(No symbol) [0x00007FF7CB65F654]
	(No symbol) [0x00007FF7CB63F1E3]
	(No symbol) [0x00007FF7CB60A938]
	(No symbol) [0x00007FF7CB60BAA1]
	GetHandleVerifier [0x00007FF7CBAF933D+3410093]
	GetHandleVerifier [0x00007FF7CBB0E7DD+3497293]
	GetHandleVerifier [0x00007FF7CBB02A73+3448803]
	GetHandleVerifier [0x00007FF7CB887BBB+848171]
	(No symbol) [0x00007FF7CB733C3F]
	(No symbol) [0x00007FF7CB72F6E4]
	(No symbol) [0x00007FF7CB72F87D]
	(No symbol) [0x00007FF7CB71ED49]
	BaseThreadInitThunk [0x00007FF99686DBE7+23]
	RtlUserThreadStart [0x00007FF997F9FBEC+44]


2024-12-30 13:47:57,095 - ERROR - [root] - Script errors:
Traceback (most recent call last):
  File "E:\algo_project\OptionAnalysis\dashboard\upstox\loginCLI.py", line 213, in <module>
    main()
  File "E:\algo_project\OptionAnalysis\dashboard\upstox\loginCLI.py", line 208, in main
    process_tokens()
  File "E:\algo_project\OptionAnalysis\dashboard\upstox\loginCLI.py", line 139, in process_tokens
    print(Fore.CYAN + f"\n\U0001f511 Processing token from {os.path.basename(token_file)}" + Style.RESET_ALL)
  File "C:\Users\vjsin\AppData\Local\Programs\Python\Python312\Lib\encodings\cp1252.py", line 19, in encode
    return codecs.charmap_encode(input,self.errors,encoding_table)[0]
           ^^^^^^^^^^^^^^^^^^^^^^^^^^^^^^^^^^^^^^^^^^^^^^^^^^^^^^^
UnicodeEncodeError: 'charmap' codec can't encode character '\U0001f511' in position 7: character maps to <undefined>

2024-12-30 13:47:57,095 - INFO - [root] - [END] Script E:\algo_project\OptionAnalysis\dashboard\upstox\loginCLI.py completed with status: FAILED
2024-12-30 13:47:57,096 - ERROR - [root] - loginCLI script failed, aborting sequence
2025-01-04 10:21:51,046 - INFO - [root] - Today is Saturday - Weekend
2025-01-04 10:21:51,048 - INFO - [root] - === Script Runner Started ===
2025-01-04 10:21:51,048 - INFO - [root] - Current day: Saturday (Weekend)
2025-01-04 10:21:51,048 - INFO - [root] - Current time: 10:21:51
2025-01-04 10:21:51,048 - INFO - [root] - Running in schedule mode
2025-01-04 10:21:51,048 - INFO - [root] - Scheduled tasks for weekdays at 09:00
2025-01-04 10:21:51,048 - INFO - [root] - Current time 10:21 is outside trading hours. Waiting for next scheduled run...
2025-01-04 10:39:49,565 - INFO - [root] - Today is Saturday - Weekend
2025-01-04 10:39:49,568 - INFO - [root] - === Script Runner Started ===
2025-01-04 10:39:49,568 - INFO - [root] - Current day: Saturday (Weekend)
2025-01-04 10:39:49,568 - INFO - [root] - Current time: 10:39:49
2025-01-04 10:39:49,568 - INFO - [root] - Running in schedule mode
2025-01-04 10:39:49,568 - INFO - [root] - Scheduled tasks for weekdays at 09:00
2025-01-04 10:39:49,568 - INFO - [root] - Current time 10:39 is outside trading hours. Waiting for next scheduled run...
2025-01-04 11:53:33,325 - INFO - [root] - Today is Saturday - Weekend
2025-01-04 11:53:33,332 - INFO - [root] - === Script Runner Started ===
2025-01-04 11:53:33,332 - INFO - [root] - Current day: Saturday (Weekend)
2025-01-04 11:53:33,332 - INFO - [root] - Current time: 11:53:33
2025-01-04 11:53:33,332 - INFO - [root] - Running in schedule mode
2025-01-04 11:53:33,332 - INFO - [root] - Scheduled tasks for weekdays at 09:00
2025-01-04 11:53:33,332 - INFO - [root] - Current time 11:53 is outside trading hours. Waiting for next scheduled run...
2025-01-04 13:58:56,107 - INFO - [root] - Today is Saturday - Weekend
2025-01-04 13:58:56,110 - INFO - [root] - === Script Runner Started ===
2025-01-04 13:58:56,111 - INFO - [root] - Current day: Saturday (Weekend)
2025-01-04 13:58:56,111 - INFO - [root] - Current time: 13:58:56
2025-01-04 13:58:56,111 - INFO - [root] - Running in schedule mode
2025-01-04 13:58:56,111 - INFO - [root] - Scheduled tasks for weekdays at 09:00
2025-01-04 13:58:56,111 - INFO - [root] - Current time 13:58 is outside trading hours. Waiting for next scheduled run...
2025-01-04 15:30:57,153 - INFO - [root] - [INFO] Stopping execution for today (Saturday)
2025-01-05 12:43:41,162 - INFO - [root] - Today is Sunday - Weekend
2025-01-05 12:43:41,171 - INFO - [root] - === Script Runner Started ===
2025-01-05 12:43:41,171 - INFO - [root] - Current day: Sunday (Weekend)
2025-01-05 12:43:41,171 - INFO - [root] - Current time: 12:43:41
2025-01-05 12:43:41,171 - INFO - [root] - Running in schedule mode
2025-01-05 12:43:41,171 - INFO - [root] - Scheduled tasks for weekdays at 09:00
2025-01-05 12:43:41,171 - INFO - [root] - Current time 12:43 is outside trading hours. Waiting for next scheduled run...
2025-01-05 12:55:05,883 - INFO - [root] - Today is Sunday - Weekend
2025-01-05 12:55:05,886 - INFO - [root] - === Script Runner Started ===
2025-01-05 12:55:05,886 - INFO - [root] - Current day: Sunday (Weekend)
2025-01-05 12:55:05,886 - INFO - [root] - Current time: 12:55:05
2025-01-05 12:55:05,886 - INFO - [root] - Running in schedule mode
2025-01-05 12:55:05,887 - INFO - [root] - Scheduled tasks for weekdays at 09:00
2025-01-05 12:55:05,890 - INFO - [root] - Current time 12:55 is outside trading hours. Waiting for next scheduled run...
2025-01-05 20:20:50,548 - INFO - [root] - Today is Sunday - Weekend
2025-01-05 20:20:50,551 - INFO - [root] - === Script Runner Started ===
2025-01-05 20:20:50,551 - INFO - [root] - Current day: Sunday (Weekend)
2025-01-05 20:20:50,551 - INFO - [root] - Current time: 20:20:50
2025-01-05 20:20:50,551 - INFO - [root] - Running in schedule mode
2025-01-05 20:20:50,551 - INFO - [root] - Scheduled tasks for weekdays at 09:00
2025-01-05 20:20:50,551 - INFO - [root] - Current time 20:20 is outside trading hours. Waiting for next scheduled run...
2025-01-05 20:20:50,551 - INFO - [root] - [INFO] Stopping execution for today (Sunday)
2025-01-06 09:04:08,314 - INFO - [root] - Today is Monday - Weekday
2025-01-06 09:04:08,317 - INFO - [root] - === Script Runner Started ===
2025-01-06 09:04:08,317 - INFO - [root] - Current day: Monday (Weekday)
2025-01-06 09:04:08,317 - INFO - [root] - Current time: 09:04:08
2025-01-06 09:04:08,317 - INFO - [root] - Running in schedule mode
2025-01-06 09:04:08,317 - INFO - [root] - Currently in trading hours (09:00-15:30)
2025-01-06 09:04:08,320 - INFO - [root] - Scheduled tasks for weekdays at 09:00
2025-01-06 09:04:08,331 - INFO - [root] - Current time 09:04 is within trading hours. Starting immediate execution...
2025-01-06 09:04:08,331 - INFO - [root] - Running task sequence on Monday
2025-01-06 09:04:08,331 - INFO - [root] - [TASK] Starting logoutCLI script...
2025-01-06 09:04:08,331 - INFO - [root] - [START] Running script: /home/ubuntu/optiondata-upstox/logoutCLI.py
2025-01-06 09:04:10,287 - DEBUG - [root] - Script output:
Found 3 token files to process...
--------------------------------------------------

Processing token 1/3:
Token loaded from: /home/ubuntu/optiondata-upstox/api/token/accessToken_order.txt
Exception when calling LoginApi->logout: (401)
Reason: Unauthorized
HTTP response headers: HTTPHeaderDict({'Date': 'Mon, 06 Jan 2025 03:34:10 GMT', 'Content-Type': 'application/json', 'Transfer-Encoding': 'chunked', 'Connection': 'keep-alive', 'x-content-type-options': 'nosniff', 'x-xss-protection': '1; mode=block', 'pragma': 'no-cache', 'strict-transport-security': 'max-age=0; includeSubDomains', 'x-frame-options': 'DENY', 'Cache-Control': 'must-revalidate,no-cache,no-store', 'vary': 'Origin, Access-Control-Request-Method, Access-Control-Request-Headers', 'message': 'request failed', 'CF-Cache-Status': 'DYNAMIC', 'Set-Cookie': '__cf_bm=9dHfuCy_BDET_BgoXLreIX4x46FJQGXWeGQb6fcQwWc-1736134450-1.0.1.1-t5yNCzdhNt.RyMxs.vb_SuMj18aNE6R6.r4ECC0gdePtr7LtIN2gRIRh42InidNB; path=/; expires=Mon, 06-Jan-25 04:04:10 GMT; domain=.upstox.com; HttpOnly; Secure; SameSite=None, _cfuvid=aT886S3sYtYdZpTZyCGe8558lB5MbCJvMvj9mVwAMsI-1736134450240-0.0.1.1-604800000; path=/; domain=.upstox.com; HttpOnly; Secure; SameSite=None', 'Server': 'cloudflare', 'CF-RAY': '8fd8a699e8433142-BOM', 'alt-svc': 'h3=":443"; ma=86400'})
HTTP response body: b'{"status":"error","errors":[{"errorCode":"UDAPI100050","message":"Invalid token used to access API","propertyPath":null,"invalidValue":null,"error_code":"UDAPI100050","property_path":null,"invalid_value":null}]}'

Access token file '/home/ubuntu/optiondata-upstox/api/token/accessToken_order.txt' has been deleted.
--------------------------------------------------

Processing token 2/3:
Token loaded from: /home/ubuntu/optiondata-upstox/api/token/accessToken_his.txt
Exception when calling LoginApi->logout: (401)
Reason: Unauthorized
HTTP response headers: HTTPHeaderDict({'Date': 'Mon, 06 Jan 2025 03:34:10 GMT', 'Content-Type': 'application/json', 'Transfer-Encoding': 'chunked', 'Connection': 'keep-alive', 'x-content-type-options': 'nosniff', 'x-xss-protection': '1; mode=block', 'pragma': 'no-cache', 'strict-transport-security': 'max-age=0; includeSubDomains', 'x-frame-options': 'DENY', 'Cache-Control': 'must-revalidate,no-cache,no-store', 'vary': 'Origin, Access-Control-Request-Method, Access-Control-Request-Headers', 'message': 'request failed', 'CF-Cache-Status': 'DYNAMIC', 'Set-Cookie': '__cf_bm=4moYy9K5TWCS6v3n7CjkHCXI0FEPBaiLn0pSXRNx.EQ-1736134450-1.0.1.1-0s_3qNzl.O2cJbh3yYbpoQB85oZhzMBrNL_wllboKlI5d19qJn5Y3h4edYLV20xv; path=/; expires=Mon, 06-Jan-25 04:04:10 GMT; domain=.upstox.com; HttpOnly; Secure; SameSite=None, _cfuvid=2.b2J16PgMeDzK5jnlbZ576GIjQKj205jOFMrgmwELA-1736134450388-0.0.1.1-604800000; path=/; domain=.upstox.com; HttpOnly; Secure; SameSite=None', 'Server': 'cloudflare', 'CF-RAY': '8fd8a69acb073fef-BOM', 'alt-svc': 'h3=":443"; ma=86400'})
HTTP response body: b'{"status":"error","errors":[{"errorCode":"UDAPI100050","message":"Invalid token used to access API","propertyPath":null,"invalidValue":null,"error_code":"UDAPI100050","property_path":null,"invalid_value":null}]}'

Access token file '/home/ubuntu/optiondata-upstox/api/token/accessToken_his.txt' has been deleted.
--------------------------------------------------

Processing token 3/3:
Token loaded from: /home/ubuntu/optiondata-upstox/api/token/accessToken_oc.txt
Exception when calling LoginApi->logout: (401)
Reason: Unauthorized
HTTP response headers: HTTPHeaderDict({'Date': 'Mon, 06 Jan 2025 03:34:10 GMT', 'Content-Type': 'application/json', 'Transfer-Encoding': 'chunked', 'Connection': 'keep-alive', 'x-content-type-options': 'nosniff', 'x-xss-protection': '1; mode=block', 'pragma': 'no-cache', 'strict-transport-security': 'max-age=0; includeSubDomains', 'x-frame-options': 'DENY', 'Cache-Control': 'must-revalidate,no-cache,no-store', 'vary': 'Origin, Access-Control-Request-Method, Access-Control-Request-Headers', 'message': 'request failed', 'CF-Cache-Status': 'DYNAMIC', 'Set-Cookie': '__cf_bm=mELzQVqDGkQWmERUkuReYq4rVT.COzWpJUgPGAkYtQk-1736134450-1.0.1.1-x.vNkDzqKRJi7woeKuztyD9YCUjrKoTHhqCfWTxWN0HAwGDiFUZqjt2RWqeW1l2C; path=/; expires=Mon, 06-Jan-25 04:04:10 GMT; domain=.upstox.com; HttpOnly; Secure; SameSite=None, _cfuvid=qyBIYtcLXCVgeB7tq_5YTl0TFkpXDKKkqo164OPjuZc-1736134450543-0.0.1.1-604800000; path=/; domain=.upstox.com; HttpOnly; Secure; SameSite=None', 'Server': 'cloudflare', 'CF-RAY': '8fd8a69bc8654055-BOM', 'alt-svc': 'h3=":443"; ma=86400'})
HTTP response body: b'{"status":"error","errors":[{"errorCode":"UDAPI100050","message":"Invalid token used to access API","propertyPath":null,"invalidValue":null,"error_code":"UDAPI100050","property_path":null,"invalid_value":null}]}'

Access token file '/home/ubuntu/optiondata-upstox/api/token/accessToken_oc.txt' has been deleted.
--------------------------------------------------

All tokens processed successfully!

Press Enter to exit...
Unexpected Error: EOF when reading a line

Script execution completed.

2025-01-06 09:04:10,287 - INFO - [root] - [END] Script /home/ubuntu/optiondata-upstox/logoutCLI.py completed with status: SUCCESS
2025-01-06 09:04:15,289 - INFO - [root] - [TASK] Starting loginCLI script...
2025-01-06 09:04:15,290 - INFO - [root] - [START] Running script: /home/ubuntu/optiondata-upstox/loginCLI.py
2025-01-06 09:04:41,849 - DEBUG - [root] - Script output:
Access Token saved to api/token/accessToken_his.txt
Access Token saved to api/token/accessToken_oc.txt
Access Token saved to api/token/accessToken_order.txt
[36m
🔑 Processing token from accessToken_order.txt[0m
[32m
🎉 Login Successful![0m
[36m==============================[0m
[33m📧 Email: [1msharmajiindia2012@gmail.com[0m
[33m🏦 Broker: [1mUPSTOX[0m
[33m🆔 Client ID: [1m7EAHBJ[0m
[33m🆔 Name: [1mvijay kumar sharma[0m
[33m🔖 Type: [1mindividual[0m
[33m✅ Active: [1mTrue[0m
[36m==============================[0m
[36m
🔑 Processing token from accessToken_his.txt[0m
[32m
🎉 Login Successful![0m
[36m==============================[0m
[33m📧 Email: [1msharmajiindia2012@gmail.com[0m
[33m🏦 Broker: [1mUPSTOX[0m
[33m🆔 Client ID: [1m7EAHBJ[0m
[33m🆔 Name: [1mvijay kumar sharma[0m
[33m🔖 Type: [1mindividual[0m
[33m✅ Active: [1mTrue[0m
[36m==============================[0m
[36m
🔑 Processing token from accessToken_oc.txt[0m
[32m
🎉 Login Successful![0m
[36m==============================[0m
[33m📧 Email: [1msharmajiindia2012@gmail.com[0m
[33m🏦 Broker: [1mUPSTOX[0m
[33m🆔 Client ID: [1m7EAHBJ[0m
[33m🆔 Name: [1mvijay kumar sharma[0m
[33m🔖 Type: [1mindividual[0m
[33m✅ Active: [1mTrue[0m
[36m==============================[0m
Downloading nse instrument data...
Extracted api/instrument/nse.json.gz to api/instrument/nse.json
Downloading bse instrument data...
Extracted api/instrument/bse.json.gz to api/instrument/bse.json
Downloading mcx instrument data...
Extracted api/instrument/mcx.json.gz to api/instrument/mcx.json
Downloading complete instrument data...
Extracted api/instrument/complete.json.gz to api/instrument/complete.json
Downloading suspended instrument data...
Extracted api/instrument/suspended.json.gz to api/instrument/suspended.json

2025-01-06 09:04:41,853 - INFO - [root] - [END] Script /home/ubuntu/optiondata-upstox/loginCLI.py completed with status: SUCCESS
2025-01-06 09:04:46,853 - INFO - [root] - [TASK] Starting option chain scripts concurrently...
2025-01-06 09:04:46,854 - INFO - [root] - [START] Starting script concurrently: /home/ubuntu/optiondata-upstox/historic_optionChain_Bankex.py
2025-01-06 09:04:46,862 - INFO - [root] - [START] Starting script concurrently: /home/ubuntu/optiondata-upstox/historic_optionChain_BankNifty.py
2025-01-06 09:04:46,864 - INFO - [root] - [START] Starting script concurrently: /home/ubuntu/optiondata-upstox/historic_optionChain_FinNifty.py
2025-01-06 09:04:46,866 - INFO - [root] - [START] Running script: /home/ubuntu/optiondata-upstox/historic_optionChain_BankNifty.py
2025-01-06 09:04:46,867 - INFO - [root] - [START] Starting script concurrently: /home/ubuntu/optiondata-upstox/historic_optionChain_Nifty50.py
2025-01-06 09:04:46,867 - INFO - [root] - [START] Running script: /home/ubuntu/optiondata-upstox/historic_optionChain_Bankex.py
2025-01-06 09:04:46,871 - INFO - [root] - [START] Running script: /home/ubuntu/optiondata-upstox/historic_optionChain_FinNifty.py
2025-01-06 09:04:46,871 - INFO - [root] - [START] Starting script concurrently: /home/ubuntu/optiondata-upstox/historic_optionChain_NiftyMidcpSelect.py
2025-01-06 09:04:46,874 - INFO - [root] - [START] Running script: /home/ubuntu/optiondata-upstox/historic_optionChain_Nifty50.py
2025-01-06 09:04:46,878 - INFO - [root] - [START] Starting script concurrently: /home/ubuntu/optiondata-upstox/historic_optionChain_NiftyNXT50.py
2025-01-06 09:04:46,885 - INFO - [root] - [START] Running script: /home/ubuntu/optiondata-upstox/historic_optionChain_NiftyMidcpSelect.py
2025-01-06 09:04:46,883 - INFO - [root] - [START] Starting script concurrently: /home/ubuntu/optiondata-upstox/historic_optionChain_Sensex.py
2025-01-06 09:04:46,896 - INFO - [root] - [START] Running script: /home/ubuntu/optiondata-upstox/historic_optionChain_NiftyNXT50.py
2025-01-06 09:04:46,897 - INFO - [root] - [START] Running script: /home/ubuntu/optiondata-upstox/historic_optionChain_Sensex.py
2025-01-06 16:33:09,463 - INFO - [root] - Today is Monday - Weekday
2025-01-06 16:33:09,621 - INFO - [root] - === Script Runner Started ===
2025-01-06 16:33:09,621 - INFO - [root] - Current day: Monday (Weekday)
2025-01-06 16:33:09,621 - INFO - [root] - Current time: 16:33:09
2025-01-06 16:33:09,621 - INFO - [root] - Running in schedule mode
2025-01-06 16:33:09,621 - INFO - [root] - Outside trading hours (09:00-15:30)
2025-01-06 16:33:09,621 - INFO - [root] - Scheduled tasks for weekdays at 09:00
2025-01-06 16:33:09,621 - INFO - [root] - Current time 16:33 is outside trading hours. Waiting for next scheduled run...
2025-01-06 16:33:09,621 - INFO - [root] - [INFO] Stopping execution for today (Monday)
2025-01-06 16:38:09,182 - INFO - [root] - Today is Monday - Weekday
2025-01-06 16:38:09,188 - INFO - [root] - === Script Runner Started ===
2025-01-06 16:38:09,188 - INFO - [root] - Current day: Monday (Weekday)
2025-01-06 16:38:09,188 - INFO - [root] - Current time: 16:38:09
2025-01-06 16:38:09,188 - INFO - [root] - Running in schedule mode
2025-01-06 16:38:09,188 - INFO - [root] - Outside trading hours (09:00-15:30)
2025-01-06 16:38:09,188 - INFO - [root] - Scheduled tasks for weekdays at 09:00
2025-01-06 16:38:09,188 - INFO - [root] - Current time 16:38 is outside trading hours. Waiting for next scheduled run...
2025-01-06 16:38:09,188 - INFO - [root] - [INFO] Stopping execution for today (Monday)
2025-01-06 17:38:09,189 - INFO - [root] - [INFO] Stopping execution for today (Monday)
2025-01-06 18:38:09,190 - INFO - [root] - [INFO] Stopping execution for today (Monday)
2025-01-06 19:38:09,190 - INFO - [root] - [INFO] Stopping execution for today (Monday)
2025-01-06 20:38:09,191 - INFO - [root] - [INFO] Stopping execution for today (Monday)
2025-01-06 21:38:09,192 - INFO - [root] - [INFO] Stopping execution for today (Monday)
